[mHTTP GET /dashboard 200 [0.16, 127.0.0.1:20177][0m
WebSocket HANDSHAKING /ws/socket-server/ [127.0.0.1:20184]
WebSocket CONNECT /ws/socket-server/ [127.0.0.1:20184]
Sat Mar 12 14:23:36 2022: Another client connected
Not Found: /favicon.ico
[33mHTTP GET /favicon.ico 404 [0.20, 127.0.0.1:20177][0m
[mHTTP GET /evaluate 200 [0.12, 127.0.0.1:20208][0m
WebSocket DISCONNECT /ws/socket-server/ [127.0.0.1:20184]
[mHTTP GET /evaluate 200 [0.04, 127.0.0.1:20385][0m
[mHTTP GET /evaluate 200 [0.08, 127.0.0.1:20508][0m
[mHTTP GET /admin/ 200 [0.26, 127.0.0.1:20515][0m
[mHTTP GET /admin/brewing/messurement/ 200 [0.31, 127.0.0.1:20522][0m
[mHTTP GET /admin/jsi18n/ 200 [0.05, 127.0.0.1:20522][0m
[mHTTP POST /admin/brewing/messurement/ 200 [0.10, 127.0.0.1:20527][0m
[mHTTP GET /static/admin/js/cancel.js 200 [0.03, 127.0.0.1:20527][0m
[32mHTTP POST /admin/brewing/messurement/ 302 [0.14, 127.0.0.1:20527][0m
[mHTTP GET /admin/brewing/messurement/ 200 [0.17, 127.0.0.1:20527][0m
[mHTTP GET /admin/jsi18n/ 200 [0.07, 127.0.0.1:20527][0m
Internal Server Error: /evaluate
Traceback (most recent call last):
  File "C:\Users\Jonas\AppData\Local\Packages\PythonSoftwareFoundation.Python.3.8_qbz5n2kfra8p0\LocalCache\local-packages\Python38\site-packages\asgiref\sync.py", line 451, in thread_handler
    raise exc_info[1]
  File "c:\users\jonas\documents\django\django\django\core\handlers\exception.py", line 42, in inner
    response = await get_response(request)
  File "c:\users\jonas\documents\django\django\django\core\handlers\base.py", line 253, in _get_response_async
    response = await wrapped_callback(
  File "C:\Users\Jonas\AppData\Local\Packages\PythonSoftwareFoundation.Python.3.8_qbz5n2kfra8p0\LocalCache\local-packages\Python38\site-packages\asgiref\sync.py", line 414, in __call__
    ret = await asyncio.wait_for(future, timeout=None)
  File "C:\Program Files\WindowsApps\PythonSoftwareFoundation.Python.3.8_3.8.2800.0_x64__qbz5n2kfra8p0\lib\asyncio\tasks.py", line 455, in wait_for
    return await fut
  File "C:\Program Files\WindowsApps\PythonSoftwareFoundation.Python.3.8_3.8.2800.0_x64__qbz5n2kfra8p0\lib\concurrent\futures\thread.py", line 57, in run
    result = self.fn(*self.args, **self.kwargs)
  File "C:\Users\Jonas\AppData\Local\Packages\PythonSoftwareFoundation.Python.3.8_qbz5n2kfra8p0\LocalCache\local-packages\Python38\site-packages\asgiref\sync.py", line 455, in thread_handler
    return func(*args, **kwargs)
  File "C:\Users\Jonas\Documents\django\brew_seminar\brewing\views.py", line 16, in evaluate
    for i in range(steps_number[0]['step']):
  File "c:\users\jonas\documents\django\django\django\db\models\query.py", line 363, in __getitem__
    return qs._result_cache[0]
IndexError: list index out of range
[35;1mHTTP GET /evaluate 500 [0.47, 127.0.0.1:20527][0m
[mHTTP GET /admin/brewing/messurement/add/ 200 [0.19, 127.0.0.1:20532][0m
[mHTTP GET /admin/jsi18n/ 200 [0.05, 127.0.0.1:20532][0m
[32mHTTP POST /admin/brewing/messurement/add/ 302 [0.08, 127.0.0.1:20536][0m
[mHTTP GET /admin/brewing/messurement/ 200 [0.20, 127.0.0.1:20536][0m
[mHTTP GET /admin/jsi18n/ 200 [0.05, 127.0.0.1:20536][0m
[mHTTP GET /admin/brewing/messurement/add/ 200 [0.14, 127.0.0.1:20536][0m
[mHTTP GET /admin/jsi18n/ 200 [0.05, 127.0.0.1:20536][0m
[32mHTTP POST /admin/brewing/messurement/add/ 302 [0.08, 127.0.0.1:20542][0m
[mHTTP GET /admin/brewing/messurement/ 200 [0.19, 127.0.0.1:20542][0m
[mHTTP GET /admin/jsi18n/ 200 [0.05, 127.0.0.1:20542][0m
[mHTTP GET /admin/brewing/messurement/add/ 200 [0.16, 127.0.0.1:20546][0m
[mHTTP GET /admin/jsi18n/ 200 [0.05, 127.0.0.1:20546][0m
[32mHTTP POST /admin/brewing/messurement/add/ 302 [0.05, 127.0.0.1:20546][0m
[mHTTP GET /admin/brewing/messurement/ 200 [0.19, 127.0.0.1:20546][0m
[mHTTP GET /admin/jsi18n/ 200 [0.04, 127.0.0.1:20546][0m
[mHTTP GET /admin/brewing/messurement/add/ 200 [0.16, 127.0.0.1:20550][0m
[mHTTP GET /admin/jsi18n/ 200 [0.03, 127.0.0.1:20550][0m
[32mHTTP POST /admin/brewing/messurement/add/ 302 [0.05, 127.0.0.1:20556][0m
[mHTTP GET /admin/brewing/messurement/ 200 [0.23, 127.0.0.1:20556][0m
[mHTTP GET /admin/jsi18n/ 200 [0.04, 127.0.0.1:20556][0m
[mHTTP GET /evaluate 200 [0.05, 127.0.0.1:20556][0m
[mHTTP GET /evaluate 200 [0.11, 127.0.0.1:1903][0m
[mHTTP GET /evaluate 200 [0.05, 127.0.0.1:1926][0m
C:\Users\Jonas\Documents\django\brew_seminar\brewing\views.py changed, reloading.
[mHTTP GET /evaluate 200 [0.12, 127.0.0.1:1967][0m
[mHTTP GET /evaluate 200 [0.04, 127.0.0.1:1976][0m
[mHTTP GET /admin/brewing/messurement/add/ 200 [0.19, 127.0.0.1:1992][0m
[mHTTP GET /admin/jsi18n/ 200 [0.05, 127.0.0.1:1992][0m
[32mHTTP POST /admin/brewing/messurement/add/ 302 [0.05, 127.0.0.1:1999][0m
[mHTTP GET /admin/brewing/messurement/ 200 [0.22, 127.0.0.1:1999][0m
[mHTTP GET /admin/jsi18n/ 200 [0.05, 127.0.0.1:1999][0m
[mHTTP GET /evaluate 200 [0.06, 127.0.0.1:2005][0m
C:\Users\Jonas\Documents\django\brew_seminar\brewing\views.py changed, reloading.
[mHTTP GET /evaluate 200 [0.15, 127.0.0.1:2040][0m
C:\Users\Jonas\Documents\django\brew_seminar\brewing\views.py changed, reloading.
Internal Server Error: /evaluate
Traceback (most recent call last):
  File "C:\Users\Jonas\AppData\Local\Packages\PythonSoftwareFoundation.Python.3.8_qbz5n2kfra8p0\LocalCache\local-packages\Python38\site-packages\asgiref\sync.py", line 451, in thread_handler
    raise exc_info[1]
  File "c:\users\jonas\documents\django\django\django\core\handlers\exception.py", line 42, in inner
    response = await get_response(request)
  File "c:\users\jonas\documents\django\django\django\core\handlers\base.py", line 253, in _get_response_async
    response = await wrapped_callback(
  File "C:\Users\Jonas\AppData\Local\Packages\PythonSoftwareFoundation.Python.3.8_qbz5n2kfra8p0\LocalCache\local-packages\Python38\site-packages\asgiref\sync.py", line 414, in __call__
    ret = await asyncio.wait_for(future, timeout=None)
  File "C:\Program Files\WindowsApps\PythonSoftwareFoundation.Python.3.8_3.8.2800.0_x64__qbz5n2kfra8p0\lib\asyncio\tasks.py", line 455, in wait_for
    return await fut
  File "C:\Program Files\WindowsApps\PythonSoftwareFoundation.Python.3.8_3.8.2800.0_x64__qbz5n2kfra8p0\lib\concurrent\futures\thread.py", line 57, in run
    result = self.fn(*self.args, **self.kwargs)
  File "C:\Users\Jonas\AppData\Local\Packages\PythonSoftwareFoundation.Python.3.8_qbz5n2kfra8p0\LocalCache\local-packages\Python38\site-packages\asgiref\sync.py", line 455, in thread_handler
    return func(*args, **kwargs)
  File "C:\Users\Jonas\Documents\django\brew_seminar\brewing\views.py", line 17, in evaluate
    for i in range(steps_number[0]):
TypeError: 'dict' object cannot be interpreted as an integer
[35;1mHTTP GET /evaluate 500 [0.25, 127.0.0.1:2107][0m
C:\Users\Jonas\Documents\django\brew_seminar\brewing\views.py changed, reloading.
Internal Server Error: /evaluate
Traceback (most recent call last):
  File "C:\Users\Jonas\AppData\Local\Packages\PythonSoftwareFoundation.Python.3.8_qbz5n2kfra8p0\LocalCache\local-packages\Python38\site-packages\asgiref\sync.py", line 451, in thread_handler
    raise exc_info[1]
  File "c:\users\jonas\documents\django\django\django\core\handlers\exception.py", line 42, in inner
    response = await get_response(request)
  File "c:\users\jonas\documents\django\django\django\core\handlers\base.py", line 253, in _get_response_async
    response = await wrapped_callback(
  File "C:\Users\Jonas\AppData\Local\Packages\PythonSoftwareFoundation.Python.3.8_qbz5n2kfra8p0\LocalCache\local-packages\Python38\site-packages\asgiref\sync.py", line 414, in __call__
    ret = await asyncio.wait_for(future, timeout=None)
  File "C:\Program Files\WindowsApps\PythonSoftwareFoundation.Python.3.8_3.8.2800.0_x64__qbz5n2kfra8p0\lib\asyncio\tasks.py", line 455, in wait_for
    return await fut
  File "C:\Program Files\WindowsApps\PythonSoftwareFoundation.Python.3.8_3.8.2800.0_x64__qbz5n2kfra8p0\lib\concurrent\futures\thread.py", line 57, in run
    result = self.fn(*self.args, **self.kwargs)
  File "C:\Users\Jonas\AppData\Local\Packages\PythonSoftwareFoundation.Python.3.8_qbz5n2kfra8p0\LocalCache\local-packages\Python38\site-packages\asgiref\sync.py", line 455, in thread_handler
    return func(*args, **kwargs)
  File "C:\Users\Jonas\Documents\django\brew_seminar\brewing\views.py", line 17, in evaluate
    for i in range(steps_number):
TypeError: 'QuerySet' object cannot be interpreted as an integer
[35;1mHTTP GET /evaluate 500 [0.24, 127.0.0.1:2141][0m
C:\Users\Jonas\Documents\django\brew_seminar\brewing\views.py changed, reloading.
[mHTTP GET /evaluate 200 [0.14, 127.0.0.1:2165][0m
C:\Users\Jonas\Documents\django\brew_seminar\brewing\views.py changed, reloading.
[mHTTP GET /evaluate 200 [0.14, 127.0.0.1:2216][0m
Internal Server Error: /evaluate
Traceback (most recent call last):
  File "C:\Users\Jonas\AppData\Local\Packages\PythonSoftwareFoundation.Python.3.8_qbz5n2kfra8p0\LocalCache\local-packages\Python38\site-packages\asgiref\sync.py", line 451, in thread_handler
    raise exc_info[1]
  File "c:\users\jonas\documents\django\django\django\core\handlers\exception.py", line 42, in inner
    response = await get_response(request)
  File "c:\users\jonas\documents\django\django\django\core\handlers\base.py", line 253, in _get_response_async
    response = await wrapped_callback(
  File "C:\Users\Jonas\AppData\Local\Packages\PythonSoftwareFoundation.Python.3.8_qbz5n2kfra8p0\LocalCache\local-packages\Python38\site-packages\asgiref\sync.py", line 414, in __call__
    ret = await asyncio.wait_for(future, timeout=None)
  File "C:\Program Files\WindowsApps\PythonSoftwareFoundation.Python.3.8_3.8.2800.0_x64__qbz5n2kfra8p0\lib\asyncio\tasks.py", line 455, in wait_for
    return await fut
  File "C:\Program Files\WindowsApps\PythonSoftwareFoundation.Python.3.8_3.8.2800.0_x64__qbz5n2kfra8p0\lib\concurrent\futures\thread.py", line 57, in run
    result = self.fn(*self.args, **self.kwargs)
  File "C:\Users\Jonas\AppData\Local\Packages\PythonSoftwareFoundation.Python.3.8_qbz5n2kfra8p0\LocalCache\local-packages\Python38\site-packages\asgiref\sync.py", line 455, in thread_handler
    return func(*args, **kwargs)
  File "C:\Users\Jonas\Documents\django\brew_seminar\brewing\views.py", line 31, in evaluate
    return render(request, 'brewing/evaluate.html', {
  File "c:\users\jonas\documents\django\django\django\shortcuts.py", line 24, in render
    content = loader.render_to_string(template_name, context, request, using=using)
  File "c:\users\jonas\documents\django\django\django\template\loader.py", line 61, in render_to_string
    template = get_template(template_name, using=using)
  File "c:\users\jonas\documents\django\django\django\template\loader.py", line 15, in get_template
    return engine.get_template(template_name)
  File "c:\users\jonas\documents\django\django\django\template\backends\django.py", line 34, in get_template
    return Template(self.engine.get_template(template_name), self)
  File "c:\users\jonas\documents\django\django\django\template\engine.py", line 176, in get_template
    template, origin = self.find_template(template_name)
  File "c:\users\jonas\documents\django\django\django\template\engine.py", line 158, in find_template
    template = loader.get_template(name, skip=skip)
  File "c:\users\jonas\documents\django\django\django\template\loaders\base.py", line 28, in get_template
    return Template(
  File "c:\users\jonas\documents\django\django\django\template\base.py", line 154, in __init__
    self.nodelist = self.compile_nodelist()
  File "c:\users\jonas\documents\django\django\django\template\base.py", line 200, in compile_nodelist
    return parser.parse()
  File "c:\users\jonas\documents\django\django\django\template\base.py", line 513, in parse
    raise self.error(token, e)
  File "c:\users\jonas\documents\django\django\django\template\base.py", line 511, in parse
    compiled_result = compile_func(self, token)
  File "c:\users\jonas\documents\django\django\django\template\defaulttags.py", line 853, in do_for
    sequence = parser.compile_filter(bits[in_index + 1])
  File "c:\users\jonas\documents\django\django\django\template\base.py", line 600, in compile_filter
    return FilterExpression(token, self)
  File "c:\users\jonas\documents\django\django\django\template\base.py", line 703, in __init__
    raise TemplateSyntaxError(
django.template.exceptions.TemplateSyntaxError: Could not parse the remainder: '['pretty']' from 'dates['pretty']'
[35;1mHTTP GET /evaluate 500 [0.30, 127.0.0.1:2282][0m
C:\Users\Jonas\Documents\django\brew_seminar\brewing\views.py changed, reloading.
C:\Users\Jonas\Documents\django\brew_seminar\brewing\views.py changed, reloading.
[mHTTP GET /evaluate 200 [0.15, 127.0.0.1:2378][0m
[mHTTP POST /evaluate 200 [0.04, 127.0.0.1:2387][0m
[mHTTP GET /admin/brewing/messurement/add/ 200 [0.24, 127.0.0.1:2387][0m
[mHTTP GET /admin/jsi18n/ 200 [0.05, 127.0.0.1:2387][0m
[32mHTTP POST /admin/brewing/messurement/add/ 302 [0.07, 127.0.0.1:2402][0m
[mHTTP GET /admin/brewing/messurement/ 200 [0.23, 127.0.0.1:2402][0m
[mHTTP GET /admin/jsi18n/ 200 [0.07, 127.0.0.1:2402][0m
[mHTTP GET /evaluate 200 [0.04, 127.0.0.1:2402][0m
[mHTTP POST /evaluate 200 [0.04, 127.0.0.1:2409][0m
[mHTTP POST /evaluate 200 [0.03, 127.0.0.1:2421][0m
[mHTTP GET /admin/brewing/messurement/add/ 200 [0.14, 127.0.0.1:2421][0m
[mHTTP GET /admin/jsi18n/ 200 [0.04, 127.0.0.1:2421][0m
[32mHTTP POST /admin/brewing/messurement/add/ 302 [0.06, 127.0.0.1:2434][0m
[mHTTP GET /admin/brewing/messurement/ 200 [0.24, 127.0.0.1:2434][0m
[mHTTP GET /admin/jsi18n/ 200 [0.05, 127.0.0.1:2434][0m
[mHTTP GET /evaluate 200 [0.04, 127.0.0.1:2434][0m
[mHTTP GET /evaluate 200 [0.19, 127.0.0.1:2822][0m
[mHTTP GET /evaluate 200 [0.09, 127.0.0.1:2857][0m
[mHTTP GET /evaluate 200 [0.06, 127.0.0.1:2877][0m
[mHTTP GET /evaluate 200 [0.07, 127.0.0.1:2900][0m
[mHTTP GET /evaluate 200 [0.05, 127.0.0.1:2994][0m
Not Found: /$bg-url
[33mHTTP GET /$bg-url 404 [0.19, 127.0.0.1:2994][0m
[mHTTP GET /evaluate 200 [0.04, 127.0.0.1:3019][0m
Not Found: /$bg-url
[33mHTTP GET /$bg-url 404 [0.05, 127.0.0.1:3019][0m
[mHTTP GET /evaluate 200 [0.04, 127.0.0.1:3072][0m
[mHTTP GET /evaluate 200 [0.31, 127.0.0.1:1038][0m
[mHTTP POST /evaluate 200 [0.07, 127.0.0.1:1061][0m
[mHTTP GET /evaluate 200 [0.09, 127.0.0.1:1115][0m
[mHTTP GET /evaluate 200 [0.17, 127.0.0.1:1132][0m
[mHTTP GET /evaluate 200 [0.06, 127.0.0.1:1041][0m
[mHTTP GET /evaluate 200 [0.06, 127.0.0.1:1065][0m
[mHTTP GET /evaluate 200 [0.07, 127.0.0.1:1143][0m
[mHTTP GET /evaluate 200 [0.33, 127.0.0.1:1161][0m
[mHTTP GET /evaluate 200 [0.07, 127.0.0.1:1173][0m
[mHTTP GET /evaluate 200 [0.07, 127.0.0.1:1258][0m
[mHTTP GET /evaluate 200 [0.08, 127.0.0.1:1282][0m
[mHTTP GET /evaluate 200 [0.05, 127.0.0.1:1292][0m
[mHTTP GET /evaluate 200 [0.07, 127.0.0.1:1297][0m
[mHTTP POST /evaluate 200 [0.47, 127.0.0.1:1315][0m
C:\Users\Jonas\Documents\django\brew_seminar\brewing\views.py changed, reloading.
[mHTTP GET /evaluate 200 [0.19, 127.0.0.1:1795][0m
[mHTTP GET /admin/brewing/messurement/ 200 [0.28, 127.0.0.1:1800][0m
[mHTTP GET /admin/jsi18n/ 200 [0.06, 127.0.0.1:1800][0m
[mHTTP GET /admin/brewing/messurement/add/ 200 [0.17, 127.0.0.1:1805][0m
[mHTTP GET /admin/jsi18n/ 200 [0.05, 127.0.0.1:1805][0m
[32mHTTP POST /admin/brewing/messurement/add/ 302 [0.10, 127.0.0.1:1811][0m
[mHTTP GET /admin/brewing/messurement/ 200 [0.29, 127.0.0.1:1811][0m
[mHTTP GET /admin/jsi18n/ 200 [0.05, 127.0.0.1:1811][0m
[mHTTP GET /admin/brewing/messurement/15/change/ 200 [0.26, 127.0.0.1:1816][0m
[mHTTP GET /admin/jsi18n/ 200 [0.05, 127.0.0.1:1816][0m
[32mHTTP POST /admin/brewing/messurement/15/change/ 302 [0.06, 127.0.0.1:1816][0m
[mHTTP GET /admin/brewing/messurement/ 200 [0.26, 127.0.0.1:1816][0m
[mHTTP GET /admin/jsi18n/ 200 [0.07, 127.0.0.1:1816][0m
[mHTTP GET /evaluate 200 [0.05, 127.0.0.1:1816][0m
[mHTTP POST /evaluate 200 [0.05, 127.0.0.1:1824][0m
[mHTTP GET /admin/brewing/messurement/15/change/ 200 [0.36, 127.0.0.1:1832][0m
[mHTTP GET /admin/jsi18n/ 200 [0.04, 127.0.0.1:1832][0m
[32mHTTP POST /admin/brewing/messurement/15/change/ 302 [0.05, 127.0.0.1:1832][0m
[mHTTP GET /admin/brewing/messurement/ 200 [0.21, 127.0.0.1:1832][0m
[mHTTP GET /admin/jsi18n/ 200 [0.05, 127.0.0.1:1832][0m
C:\Users\Jonas\Documents\django\brew_seminar\brewing\views.py changed, reloading.
C:\Users\Jonas\Documents\django\brew_seminar\brewing\views.py changed, reloading.
[mHTTP GET /evaluate 200 [0.12, 127.0.0.1:1868][0m
Internal Server Error: /evaluate
Traceback (most recent call last):
  File "C:\Users\Jonas\AppData\Local\Packages\PythonSoftwareFoundation.Python.3.8_qbz5n2kfra8p0\LocalCache\local-packages\Python38\site-packages\asgiref\sync.py", line 451, in thread_handler
    raise exc_info[1]
  File "c:\users\jonas\documents\django\django\django\core\handlers\exception.py", line 42, in inner
    response = await get_response(request)
  File "c:\users\jonas\documents\django\django\django\core\handlers\base.py", line 253, in _get_response_async
    response = await wrapped_callback(
  File "C:\Users\Jonas\AppData\Local\Packages\PythonSoftwareFoundation.Python.3.8_qbz5n2kfra8p0\LocalCache\local-packages\Python38\site-packages\asgiref\sync.py", line 414, in __call__
    ret = await asyncio.wait_for(future, timeout=None)
  File "C:\Program Files\WindowsApps\PythonSoftwareFoundation.Python.3.8_3.8.2800.0_x64__qbz5n2kfra8p0\lib\asyncio\tasks.py", line 455, in wait_for
    return await fut
  File "C:\Program Files\WindowsApps\PythonSoftwareFoundation.Python.3.8_3.8.2800.0_x64__qbz5n2kfra8p0\lib\concurrent\futures\thread.py", line 57, in run
    result = self.fn(*self.args, **self.kwargs)
  File "C:\Users\Jonas\AppData\Local\Packages\PythonSoftwareFoundation.Python.3.8_qbz5n2kfra8p0\LocalCache\local-packages\Python38\site-packages\asgiref\sync.py", line 455, in thread_handler
    return func(*args, **kwargs)
  File "C:\Users\Jonas\Documents\django\brew_seminar\brewing\views.py", line 39, in evaluate
    for mode in messurement.objects.filter(step=step).values('engine'):
UnboundLocalError: local variable 'step' referenced before assignment
[35;1mHTTP POST /evaluate 500 [0.23, 127.0.0.1:1877][0m
C:\Users\Jonas\Documents\django\brew_seminar\brewing\views.py changed, reloading.
[mHTTP GET /evaluate 200 [0.12, 127.0.0.1:1901][0m
[mHTTP POST /evaluate 200 [0.08, 127.0.0.1:1911][0m
[mHTTP GET /evaluate 200 [0.07, 127.0.0.1:1952][0m
[mHTTP POST /evaluate 200 [0.07, 127.0.0.1:1960][0m
[mHTTP GET /evaluate 200 [0.08, 127.0.0.1:1979][0m
[mHTTP POST /evaluate 200 [0.06, 127.0.0.1:1979][0m
[mHTTP POST /evaluate 200 [0.05, 127.0.0.1:1990][0m
C:\Users\Jonas\Documents\django\brew_seminar\brewing\process\brew_server.py changed, reloading.
C:\Users\Jonas\Documents\django\brew_seminar\brewing\process\brew_server.py changed, reloading.
C:\Users\Jonas\Documents\django\brew_seminar\brewing\process\brew_server.py changed, reloading.
[mHTTP GET /dashboard 200 [0.08, 127.0.0.1:17269][0m
WebSocket HANDSHAKING /ws/socket-server/ [127.0.0.1:17272]
WebSocket CONNECT /ws/socket-server/ [127.0.0.1:17272]
Sat Mar 12 16:43:48 2022: Another client connected
C:\Users\Jonas\Documents\django\brew_seminar\brewing\process\brew_server.py changed, reloading.
[mHTTP GET /dashboard 200 [0.05, 127.0.0.1:17279][0m
WebSocket HANDSHAKING /ws/socket-server/ [127.0.0.1:17282]
WebSocket CONNECT /ws/socket-server/ [127.0.0.1:17282]
Sat Mar 12 16:44:57 2022: Another client connected
Exception inside application: Expecting property name enclosed in double quotes: line 1 column 501 (char 500)
Traceback (most recent call last):
  File "C:\Users\Jonas\AppData\Local\Packages\PythonSoftwareFoundation.Python.3.8_qbz5n2kfra8p0\LocalCache\local-packages\Python38\site-packages\channels\staticfiles.py", line 44, in __call__
    return await self.application(scope, receive, send)
  File "C:\Users\Jonas\AppData\Local\Packages\PythonSoftwareFoundation.Python.3.8_qbz5n2kfra8p0\LocalCache\local-packages\Python38\site-packages\channels\routing.py", line 71, in __call__
    return await application(scope, receive, send)
  File "C:\Users\Jonas\AppData\Local\Packages\PythonSoftwareFoundation.Python.3.8_qbz5n2kfra8p0\LocalCache\local-packages\Python38\site-packages\channels\sessions.py", line 47, in __call__
    return await self.inner(dict(scope, cookies=cookies), receive, send)
  File "C:\Users\Jonas\AppData\Local\Packages\PythonSoftwareFoundation.Python.3.8_qbz5n2kfra8p0\LocalCache\local-packages\Python38\site-packages\channels\sessions.py", line 263, in __call__
    return await self.inner(wrapper.scope, receive, wrapper.send)
  File "C:\Users\Jonas\AppData\Local\Packages\PythonSoftwareFoundation.Python.3.8_qbz5n2kfra8p0\LocalCache\local-packages\Python38\site-packages\channels\auth.py", line 185, in __call__
    return await super().__call__(scope, receive, send)
  File "C:\Users\Jonas\AppData\Local\Packages\PythonSoftwareFoundation.Python.3.8_qbz5n2kfra8p0\LocalCache\local-packages\Python38\site-packages\channels\middleware.py", line 26, in __call__
    return await self.inner(scope, receive, send)
  File "C:\Users\Jonas\AppData\Local\Packages\PythonSoftwareFoundation.Python.3.8_qbz5n2kfra8p0\LocalCache\local-packages\Python38\site-packages\channels\routing.py", line 150, in __call__
    return await application(
  File "C:\Users\Jonas\AppData\Local\Packages\PythonSoftwareFoundation.Python.3.8_qbz5n2kfra8p0\LocalCache\local-packages\Python38\site-packages\channels\consumer.py", line 94, in app
    return await consumer(scope, receive, send)
  File "C:\Users\Jonas\AppData\Local\Packages\PythonSoftwareFoundation.Python.3.8_qbz5n2kfra8p0\LocalCache\local-packages\Python38\site-packages\channels\consumer.py", line 58, in __call__
    await await_many_dispatch(
  File "C:\Users\Jonas\AppData\Local\Packages\PythonSoftwareFoundation.Python.3.8_qbz5n2kfra8p0\LocalCache\local-packages\Python38\site-packages\channels\utils.py", line 51, in await_many_dispatch
    await dispatch(result)
  File "C:\Users\Jonas\AppData\Local\Packages\PythonSoftwareFoundation.Python.3.8_qbz5n2kfra8p0\LocalCache\local-packages\Python38\site-packages\asgiref\sync.py", line 414, in __call__
    ret = await asyncio.wait_for(future, timeout=None)
  File "C:\Program Files\WindowsApps\PythonSoftwareFoundation.Python.3.8_3.8.2800.0_x64__qbz5n2kfra8p0\lib\asyncio\tasks.py", line 455, in wait_for
    return await fut
  File "C:\Program Files\WindowsApps\PythonSoftwareFoundation.Python.3.8_3.8.2800.0_x64__qbz5n2kfra8p0\lib\concurrent\futures\thread.py", line 57, in run
    result = self.fn(*self.args, **self.kwargs)
  File "C:\Users\Jonas\AppData\Local\Packages\PythonSoftwareFoundation.Python.3.8_qbz5n2kfra8p0\LocalCache\local-packages\Python38\site-packages\channels\db.py", line 13, in thread_handler
    return super().thread_handler(loop, *args, **kwargs)
  File "C:\Users\Jonas\AppData\Local\Packages\PythonSoftwareFoundation.Python.3.8_qbz5n2kfra8p0\LocalCache\local-packages\Python38\site-packages\asgiref\sync.py", line 455, in thread_handler
    return func(*args, **kwargs)
  File "C:\Users\Jonas\AppData\Local\Packages\PythonSoftwareFoundation.Python.3.8_qbz5n2kfra8p0\LocalCache\local-packages\Python38\site-packages\channels\consumer.py", line 125, in dispatch
    handler(message)
  File "C:\Users\Jonas\AppData\Local\Packages\PythonSoftwareFoundation.Python.3.8_qbz5n2kfra8p0\LocalCache\local-packages\Python38\site-packages\channels\generic\websocket.py", line 59, in websocket_receive
    self.receive(text_data=message["text"])
  File "C:\Users\Jonas\Documents\django\brew_seminar\brewing\consumer.py", line 24, in receive
    self.evaluate_response(message)
  File "C:\Users\Jonas\Documents\django\brew_seminar\brewing\consumer.py", line 46, in evaluate_response
    brew_server.load_recipe(1)      #add real recipe id
  File "C:\Users\Jonas\Documents\django\brew_seminar\brewing\process\brew_server.py", line 38, in load_recipe
    self.recipe = json.loads(recipe.objects.get(id=recipe_id).recipe)
  File "C:\Program Files\WindowsApps\PythonSoftwareFoundation.Python.3.8_3.8.2800.0_x64__qbz5n2kfra8p0\lib\json\__init__.py", line 357, in loads
    return _default_decoder.decode(s)
  File "C:\Program Files\WindowsApps\PythonSoftwareFoundation.Python.3.8_3.8.2800.0_x64__qbz5n2kfra8p0\lib\json\decoder.py", line 337, in decode
    obj, end = self.raw_decode(s, idx=_w(s, 0).end())
  File "C:\Program Files\WindowsApps\PythonSoftwareFoundation.Python.3.8_3.8.2800.0_x64__qbz5n2kfra8p0\lib\json\decoder.py", line 353, in raw_decode
    obj, end = self.scan_once(s, idx)
json.decoder.JSONDecodeError: Expecting property name enclosed in double quotes: line 1 column 501 (char 500)
WebSocket DISCONNECT /ws/socket-server/ [127.0.0.1:17282]
[mHTTP GET /admin/brewing/messurement/ 200 [0.46, 127.0.0.1:17285][0m
[mHTTP GET /admin/jsi18n/ 200 [0.06, 127.0.0.1:17285][0m
[mHTTP GET /admin/brewing/recipe/ 200 [0.14, 127.0.0.1:17285][0m
[mHTTP GET /admin/jsi18n/ 200 [0.05, 127.0.0.1:17285][0m
C:\Users\Jonas\Documents\django\brew_seminar\brewing\models.py changed, reloading.
[mHTTP GET /admin/brewing/messurement/ 200 [0.43, 127.0.0.1:17321][0m
[mHTTP GET /admin/jsi18n/ 200 [0.06, 127.0.0.1:17321][0m
[mHTTP GET /admin/brewing/recipe/ 200 [0.15, 127.0.0.1:17321][0m
[mHTTP GET /admin/jsi18n/ 200 [0.04, 127.0.0.1:17321][0m
[mHTTP GET /admin/brewing/recipe/1/change/ 200 [0.27, 127.0.0.1:12349][0m
[mHTTP GET /admin/jsi18n/ 200 [0.07, 127.0.0.1:12349][0m
[32mHTTP POST /admin/brewing/recipe/1/change/ 302 [0.10, 127.0.0.1:12355][0m
[mHTTP GET /admin/brewing/recipe/ 200 [0.18, 127.0.0.1:12355][0m
[mHTTP GET /admin/jsi18n/ 200 [0.04, 127.0.0.1:12355][0m
C:\Users\Jonas\Documents\django\brew_seminar\brewing\process\brew_server.py changed, reloading.
[mHTTP GET /dashboard 200 [0.06, 127.0.0.1:12368][0m
WebSocket HANDSHAKING /ws/socket-server/ [127.0.0.1:12374]
WebSocket CONNECT /ws/socket-server/ [127.0.0.1:12374]
Sat Mar 12 16:49:01 2022: Another client connected
C:\Users\Jonas\Documents\django\brew_seminar\brewing\process\brew_server.py changed, reloading.
C:\Users\Jonas\Documents\django\brew_seminar\brewing\process\brew_server.py changed, reloading.
[mHTTP GET /dashboard 200 [0.09, 127.0.0.1:1036][0m
WebSocket HANDSHAKING /ws/socket-server/ [127.0.0.1:1039]
WebSocket CONNECT /ws/socket-server/ [127.0.0.1:1039]
Sat Mar 12 16:50:26 2022: Another client connected
C:\Users\Jonas\Documents\django\brew_seminar\brewing\process\brew_server.py changed, reloading.
[mHTTP GET /dashboard 200 [0.06, 127.0.0.1:1054][0m
WebSocket HANDSHAKING /ws/socket-server/ [127.0.0.1:1058]
WebSocket CONNECT /ws/socket-server/ [127.0.0.1:1058]
Sat Mar 12 16:51:09 2022: Another client connected
C:\Users\Jonas\Documents\django\brew_seminar\brewing\process\brew_server.py changed, reloading.
C:\Users\Jonas\Documents\django\brew_seminar\brewing\process\brew_server.py changed, reloading.
HTTP GET / 200 [0.04, 127.0.0.1:56117]
Not Found: /favicon.ico
HTTP GET /favicon.ico 404 [0.07, 127.0.0.1:56117]
HTTP GET /dashboard 200 [0.01, 127.0.0.1:56117]
WebSocket HANDSHAKING /ws/socket-server/ [127.0.0.1:56121]
WebSocket CONNECT /ws/socket-server/ [127.0.0.1:56121]
Wed Mar 16 20:16:50 2022: Another client connected
WebSocket DISCONNECT /ws/socket-server/ [127.0.0.1:56121]
HTTP GET /dashboard 200 [0.01, 127.0.0.1:56117]
WebSocket HANDSHAKING /ws/socket-server/ [127.0.0.1:56123]
WebSocket CONNECT /ws/socket-server/ [127.0.0.1:56123]
Wed Mar 16 20:17:15 2022: Another client connected
WebSocket DISCONNECT /ws/socket-server/ [127.0.0.1:56123]
HTTP GET /evaluate 200 [0.03, 127.0.0.1:56117]
HTTP GET /admin 301 [0.00, 127.0.0.1:56117]
HTTP GET /admin/ 302 [0.02, 127.0.0.1:56117]
HTTP GET /admin/login/?next=/admin/ 200 [0.04, 127.0.0.1:56117]
HTTP GET /static/admin/css/base.css 200 [0.46, 127.0.0.1:56117]
HTTP GET /static/admin/css/nav_sidebar.css 200 [0.46, 127.0.0.1:49939]
HTTP GET /static/admin/js/nav_sidebar.js 200 [0.47, 127.0.0.1:49940]
HTTP GET /static/admin/css/login.css 200 [0.47, 127.0.0.1:49941]
HTTP GET /static/admin/css/responsive.css 200 [0.47, 127.0.0.1:49942]
HTTP GET /static/admin/css/fonts.css 200 [0.01, 127.0.0.1:49940]
HTTP GET /static/admin/fonts/Roboto-Regular-webfont.woff 200 [0.01, 127.0.0.1:49942]
HTTP GET /static/admin/fonts/Roboto-Light-webfont.woff 200 [0.01, 127.0.0.1:49942]
HTTP POST /admin/login/?next=/admin/ 302 [0.70, 127.0.0.1:49942]
HTTP GET /admin/ 200 [0.03, 127.0.0.1:49942]
HTTP GET /static/admin/css/dashboard.css 200 [0.00, 127.0.0.1:49942]
HTTP GET /static/admin/img/icon-addlink.svg 200 [0.01, 127.0.0.1:49942]
HTTP GET /static/admin/fonts/Roboto-Bold-webfont.woff 200 [0.01, 127.0.0.1:49939]
HTTP GET /static/admin/img/icon-changelink.svg 200 [0.01, 127.0.0.1:49940]
HTTP GET /admin/brewing/messurement/ 200 [0.07, 127.0.0.1:49939]
HTTP GET /static/admin/css/changelists.css 200 [0.01, 127.0.0.1:49939]
HTTP GET /static/admin/js/jquery.init.js 200 [0.02, 127.0.0.1:49941]
HTTP GET /admin/jsi18n/ 200 [0.03, 127.0.0.1:49942]
HTTP GET /static/admin/js/vendor/jquery/jquery.js 200 [0.03, 127.0.0.1:49940]
HTTP GET /static/admin/js/core.js 200 [0.04, 127.0.0.1:56117]
HTTP GET /static/admin/js/admin/RelatedObjectLookups.js 200 [0.04, 127.0.0.1:49951]
HTTP GET /static/admin/js/vendor/xregexp/xregexp.js 200 [0.01, 127.0.0.1:49942]
Exception inside application: Single thread executor already being used, would deadlock
Traceback (most recent call last):
  File "C:\Users\joni0\OneDrive\Desktop\brew_seminar\env\lib\site-packages\channels\staticfiles.py", line 40, in __call__
    return await self.staticfiles_handler_class()(
  File "C:\Users\joni0\OneDrive\Desktop\brew_seminar\env\lib\site-packages\channels\staticfiles.py", line 56, in __call__
    return await super().__call__(scope, receive, send)
  File "C:\Users\joni0\OneDrive\Desktop\brew_seminar\env\lib\site-packages\channels\http.py", line 198, in __call__
    await self.handle(scope, async_to_sync(send), body_stream)
  File "C:\Users\joni0\OneDrive\Desktop\brew_seminar\env\lib\site-packages\asgiref\sync.py", line 382, in __call__
    raise RuntimeError(
RuntimeError: Single thread executor already being used, would deadlock
HTTP GET /static/admin/js/actions.js 500 [0.50, 127.0.0.1:49939]
Exception inside application: Single thread executor already being used, would deadlock
Traceback (most recent call last):
  File "C:\Users\joni0\OneDrive\Desktop\brew_seminar\env\lib\site-packages\channels\staticfiles.py", line 40, in __call__
    return await self.staticfiles_handler_class()(
  File "C:\Users\joni0\OneDrive\Desktop\brew_seminar\env\lib\site-packages\channels\staticfiles.py", line 56, in __call__
    return await super().__call__(scope, receive, send)
  File "C:\Users\joni0\OneDrive\Desktop\brew_seminar\env\lib\site-packages\channels\http.py", line 198, in __call__
    await self.handle(scope, async_to_sync(send), body_stream)
  File "C:\Users\joni0\OneDrive\Desktop\brew_seminar\env\lib\site-packages\asgiref\sync.py", line 382, in __call__
    raise RuntimeError(
RuntimeError: Single thread executor already being used, would deadlock
HTTP GET /static/admin/js/urlify.js 500 [0.49, 127.0.0.1:49941]
Exception inside application: Single thread executor already being used, would deadlock
Traceback (most recent call last):
  File "C:\Users\joni0\OneDrive\Desktop\brew_seminar\env\lib\site-packages\channels\staticfiles.py", line 40, in __call__
    return await self.staticfiles_handler_class()(
  File "C:\Users\joni0\OneDrive\Desktop\brew_seminar\env\lib\site-packages\channels\staticfiles.py", line 56, in __call__
    return await super().__call__(scope, receive, send)
  File "C:\Users\joni0\OneDrive\Desktop\brew_seminar\env\lib\site-packages\channels\http.py", line 198, in __call__
    await self.handle(scope, async_to_sync(send), body_stream)
  File "C:\Users\joni0\OneDrive\Desktop\brew_seminar\env\lib\site-packages\asgiref\sync.py", line 382, in __call__
    raise RuntimeError(
RuntimeError: Single thread executor already being used, would deadlock
HTTP GET /static/admin/js/prepopulate.js 500 [0.48, 127.0.0.1:49940]
HTTP GET /static/admin/js/urlify.js 200 [0.00, 127.0.0.1:49940]
HTTP GET /static/admin/js/prepopulate.js 200 [0.00, 127.0.0.1:49940]
HTTP GET /static/admin/img/tooltag-add.svg 200 [0.00, 127.0.0.1:49940]
HTTP GET /admin/brewing/messurement/15/change/ 200 [0.10, 127.0.0.1:49940]
HTTP GET /static/admin/css/forms.css 200 [0.03, 127.0.0.1:49940]
HTTP GET /static/admin/js/change_form.js 200 [0.01, 127.0.0.1:49951]
HTTP GET /static/admin/js/actions.js 200 [0.02, 127.0.0.1:49939]
HTTP GET /admin/jsi18n/ 200 [0.05, 127.0.0.1:49942]
HTTP GET /static/admin/js/prepopulate_init.js 200 [0.03, 127.0.0.1:49941]
HTTP GET /static/admin/css/widgets.css 200 [0.00, 127.0.0.1:49940]
HTTP GET /admin/brewing/messurement/ 200 [0.07, 127.0.0.1:49940]
HTTP GET /admin/brewing/messurement/16/change/ 200 [0.05, 127.0.0.1:49940]
HTTP GET /admin/jsi18n/ 200 [0.04, 127.0.0.1:49940]
HTTP POST /admin/brewing/messurement/16/change/ 302 [0.03, 127.0.0.1:49940]
HTTP GET /admin/brewing/messurement/ 200 [0.07, 127.0.0.1:49940]
HTTP GET /admin/jsi18n/ 200 [0.03, 127.0.0.1:49940]
HTTP GET /static/admin/img/icon-yes.svg 200 [0.01, 127.0.0.1:49940]
HTTP GET /evaluate 200 [0.01, 127.0.0.1:49940]
HTTP GET / 200 [0.09, 127.0.0.1:53885]
HTTP GET / 200 [0.04, 127.0.0.1:49361]
HTTP GET /static/polls/style.css 404 [0.08, 127.0.0.1:49361]
HTTP GET / 200 [0.01, 127.0.0.1:49361]
HTTP GET /static/polls/style.css 404 [0.01, 127.0.0.1:49361]
Not Found: /favicon.ico
HTTP GET / 200 [0.01, 127.0.0.1:55274]
HTTP GET /static/polls/style.css 404 [0.01, 127.0.0.1:55274]
HTTP GET / 200 [0.01, 127.0.0.1:55274]
HTTP GET /static/polls/style.css 404 [0.01, 127.0.0.1:55274]
Not Found: /favicon.ico
HTTP GET / 200 [0.01, 127.0.0.1:55279]
HTTP GET /static/polls/style.css 404 [0.00, 127.0.0.1:55279]
HTTP GET / 200 [0.01, 127.0.0.1:55279]
HTTP GET /static/polls/style.css 404 [0.01, 127.0.0.1:55279]
Not Found: /favicon.ico
HTTP GET / 200 [0.02, 127.0.0.1:63506]
HTTP GET /static/polls/style.css 200 [0.50, 127.0.0.1:63506]
Not Found: /favicon.ico
HTTP GET / 200 [0.01, 127.0.0.1:62886]
HTTP GET /static/polls/style.css 200 [0.00, 127.0.0.1:62886]
Not Found: /favicon.ico
HTTP GET / 200 [0.01, 127.0.0.1:55261]
HTTP GET /static/polls/style.css 200 [0.01, 127.0.0.1:55261]
Not Found: /favicon.ico
HTTP GET / 200 [0.05, 127.0.0.1:55264]
HTTP GET /static/polls/style.css 200 [0.00, 127.0.0.1:55264]
Not Found: /favicon.ico
HTTP GET / 200 [0.01, 127.0.0.1:61775]
HTTP GET /static/polls/style.css 200 [0.00, 127.0.0.1:61775]
Not Found: /favicon.ico
HTTP GET / 200 [0.01, 127.0.0.1:61791]
HTTP GET /static/polls/style.css 200 [0.01, 127.0.0.1:61791]
Not Found: /favicon.ico
HTTP GET / 200 [0.01, 127.0.0.1:63092]
HTTP GET /static/polls/style.css 200 [0.01, 127.0.0.1:63092]
Not Found: /favicon.ico
HTTP GET / 200 [0.01, 127.0.0.1:63094]
HTTP GET /static/polls/style.css 200 [0.00, 127.0.0.1:63094]
HTTP GET / 200 [0.01, 127.0.0.1:63094]
HTTP GET /static/polls/style.css 200 [0.00, 127.0.0.1:63094]
HTTP GET / 200 [0.01, 127.0.0.1:63094]
HTTP GET /static/polls/style.css 304 [0.00, 127.0.0.1:63094]
HTTP GET / 200 [0.01, 127.0.0.1:63094]
HTTP GET /static/polls/style.css 304 [0.00, 127.0.0.1:63094]
HTTP GET / 200 [0.01, 127.0.0.1:63094]
HTTP GET /static/polls/style.css 304 [0.00, 127.0.0.1:63094]
HTTP GET / 200 [0.01, 127.0.0.1:63094]
HTTP GET /static/polls/style.css 304 [0.00, 127.0.0.1:63094]
HTTP GET / 200 [0.06, 127.0.0.1:63094]
HTTP GET /static/polls/style.css 304 [0.00, 127.0.0.1:63094]
HTTP GET / 200 [0.02, 127.0.0.1:63094]
HTTP GET /static/polls/style.css 304 [0.00, 127.0.0.1:63094]
HTTP GET / 200 [0.01, 127.0.0.1:63235]
HTTP GET /static/polls/style.css 200 [0.00, 127.0.0.1:63235]
HTTP GET / 200 [0.01, 127.0.0.1:63235]
HTTP GET /static/polls/style.css 200 [0.00, 127.0.0.1:63235]
HTTP GET / 200 [0.01, 127.0.0.1:63235]
HTTP GET /static/polls/style.css 304 [0.00, 127.0.0.1:63235]
HTTP GET / 200 [0.02, 127.0.0.1:54605]
HTTP GET /static/polls/style.css 200 [0.00, 127.0.0.1:54605]
Not Found: /favicon.ico
HTTP GET / 200 [0.01, 127.0.0.1:62106]
HTTP GET /static/polls/style.css 200 [0.01, 127.0.0.1:62106]
HTTP GET / 200 [0.01, 127.0.0.1:62106]
HTTP GET /static/polls/style.css 200 [0.01, 127.0.0.1:62106]
HTTP GET / 200 [0.01, 127.0.0.1:62106]
HTTP GET /static/polls/style.css 200 [0.01, 127.0.0.1:62106]
HTTP GET / 200 [0.01, 127.0.0.1:62106]
HTTP GET /static/polls/style.css 200 [0.00, 127.0.0.1:62106]
HTTP GET / 200 [0.03, 127.0.0.1:62106]
HTTP GET /static/polls/style.css 200 [0.01, 127.0.0.1:62106]
HTTP GET / 200 [0.01, 127.0.0.1:62106]
HTTP GET /static/polls/style.css 200 [0.00, 127.0.0.1:62106]
HTTP GET / 200 [0.01, 127.0.0.1:62106]
HTTP GET /static/polls/style.css 200 [0.01, 127.0.0.1:62106]
HTTP GET / 200 [0.01, 127.0.0.1:62106]
HTTP GET /static/polls/style.css 200 [0.01, 127.0.0.1:62106]
HTTP GET / 200 [0.01, 127.0.0.1:62106]
HTTP GET /static/polls/style.css 200 [0.01, 127.0.0.1:62106]
HTTP GET / 200 [0.01, 127.0.0.1:62106]
HTTP GET /static/polls/style.css 200 [0.01, 127.0.0.1:62106]
HTTP GET / 200 [0.01, 127.0.0.1:62106]
HTTP GET /static/polls/style.css 200 [0.01, 127.0.0.1:62106]
HTTP GET / 200 [0.01, 127.0.0.1:62690]
HTTP GET /static/polls/style.css 200 [0.00, 127.0.0.1:62690]
HTTP GET / 200 [0.01, 127.0.0.1:62690]
HTTP GET /static/polls/style.css 200 [0.02, 127.0.0.1:62690]
HTTP GET / 200 [0.01, 127.0.0.1:62690]
HTTP GET /static/polls/style.css 304 [0.00, 127.0.0.1:62690]
HTTP GET / 200 [0.01, 127.0.0.1:59979]
HTTP GET /static/polls/style.css 200 [0.00, 127.0.0.1:59979]
HTTP GET / 200 [0.01, 127.0.0.1:53473]
HTTP GET /static/polls/style.css 200 [0.00, 127.0.0.1:53473]
Not Found: /favicon.ico
HTTP GET / 200 [0.01, 127.0.0.1:53484]
HTTP GET /static/polls/style.css 200 [0.00, 127.0.0.1:53484]
Not Found: /favicon.ico
HTTP GET / 200 [0.01, 127.0.0.1:53485]
HTTP GET /static/polls/style.css 200 [0.00, 127.0.0.1:53485]
HTTP GET / 200 [0.01, 127.0.0.1:53485]
HTTP GET /static/polls/style.css 200 [0.01, 127.0.0.1:53485]
HTTP GET / 200 [0.01, 127.0.0.1:53485]
HTTP GET /static/polls/style.css 200 [0.01, 127.0.0.1:53485]
HTTP GET / 200 [0.01, 127.0.0.1:53485]
HTTP GET /static/polls/style.css 200 [0.00, 127.0.0.1:53485]
Not Found: /favicon.ico
HTTP GET / 200 [0.01, 127.0.0.1:60760]
HTTP GET /static/polls/style.css 200 [0.00, 127.0.0.1:60760]
HTTP GET / 200 [0.01, 127.0.0.1:60760]
HTTP GET /static/polls/style.css 200 [0.00, 127.0.0.1:60760]
HTTP GET / 200 [0.04, 127.0.0.1:60702]
HTTP GET /static/style.css 200 [0.00, 127.0.0.1:60702]
Not Found: /brew
HTTP GET /brew 404 [0.01, 127.0.0.1:60702]
Not Found: /brew.html
HTTP GET /brew.html 404 [0.01, 127.0.0.1:60702]
C:\Users\joni0\OneDrive\Desktop\brew_seminar\brew_seminar\brewing\urls.py changed, reloading.
C:\Users\joni0\OneDrive\Desktop\brew_seminar\brew_seminar\brewing\urls.py changed, reloading.
C:\Users\joni0\OneDrive\Desktop\brew_seminar\brew_seminar\brewing\urls.py changed, reloading.
C:\Users\joni0\OneDrive\Desktop\brew_seminar\brew_seminar\brewing\urls.py changed, reloading.
C:\Users\joni0\OneDrive\Desktop\brew_seminar\brew_seminar\brewing\views.py changed, reloading.
Not Found: /brew.html
HTTP GET /brew.html 404 [0.02, 127.0.0.1:53522]
Not Found: /brew.html
HTTP GET /brew.html 404 [0.12, 127.0.0.1:53522]
Not Found: /menu.html
HTTP GET /menu.html 404 [0.01, 127.0.0.1:53522]
Not Found: /menu.html
HTTP GET /menu.html 404 [0.01, 127.0.0.1:53522]
Not Found: /menu.html
HTTP GET /menu.html 404 [0.01, 127.0.0.1:65030]
HTTP GET / 200 [0.01, 127.0.0.1:65030]
HTTP GET /static/style.css 200 [0.48, 127.0.0.1:65030]
HTTP GET / 200 [0.01, 127.0.0.1:62763]
HTTP GET /static/style.css 304 [0.00, 127.0.0.1:62763]
HTTP GET /dashboard 200 [0.01, 127.0.0.1:62763]
WebSocket HANDSHAKING /ws/socket-server/ [127.0.0.1:62765]
WebSocket CONNECT /ws/socket-server/ [127.0.0.1:62765]
Thu Mar 17 10:09:22 2022: Another client connected
WebSocket DISCONNECT /ws/socket-server/ [127.0.0.1:62765]
Internal Server Error: /menu
Traceback (most recent call last):
  File "C:\Users\joni0\OneDrive\Desktop\brew_seminar\env\lib\site-packages\asgiref\sync.py", line 451, in thread_handler
    raise exc_info[1]
  File "C:\Users\joni0\OneDrive\Desktop\brew_seminar\env\lib\site-packages\django\core\handlers\exception.py", line 42, in inner
    response = await get_response(request)
  File "C:\Users\joni0\OneDrive\Desktop\brew_seminar\env\lib\site-packages\django\core\handlers\base.py", line 253, in _get_response_async
    response = await wrapped_callback(
  File "C:\Users\joni0\OneDrive\Desktop\brew_seminar\env\lib\site-packages\asgiref\sync.py", line 414, in __call__
    ret = await asyncio.wait_for(future, timeout=None)
  File "C:\Program Files\WindowsApps\PythonSoftwareFoundation.Python.3.9_3.9.2800.0_x64__qbz5n2kfra8p0\lib\asyncio\tasks.py", line 442, in wait_for
    return await fut
  File "C:\Program Files\WindowsApps\PythonSoftwareFoundation.Python.3.9_3.9.2800.0_x64__qbz5n2kfra8p0\lib\concurrent\futures\thread.py", line 58, in run
    result = self.fn(*self.args, **self.kwargs)
  File "C:\Users\joni0\OneDrive\Desktop\brew_seminar\env\lib\site-packages\asgiref\sync.py", line 455, in thread_handler
    return func(*args, **kwargs)
  File "C:\Users\joni0\OneDrive\Desktop\brew_seminar\brew_seminar\brewing\views.py", line 14, in menu
    return render(request, 'brewing/menu.html')
  File "C:\Users\joni0\OneDrive\Desktop\brew_seminar\env\lib\site-packages\django\shortcuts.py", line 24, in render
    content = loader.render_to_string(template_name, context, request, using=using)
  File "C:\Users\joni0\OneDrive\Desktop\brew_seminar\env\lib\site-packages\django\template\loader.py", line 61, in render_to_string
    template = get_template(template_name, using=using)
  File "C:\Users\joni0\OneDrive\Desktop\brew_seminar\env\lib\site-packages\django\template\loader.py", line 15, in get_template
    return engine.get_template(template_name)
  File "C:\Users\joni0\OneDrive\Desktop\brew_seminar\env\lib\site-packages\django\template\backends\django.py", line 34, in get_template
    return Template(self.engine.get_template(template_name), self)
  File "C:\Users\joni0\OneDrive\Desktop\brew_seminar\env\lib\site-packages\django\template\engine.py", line 176, in get_template
    template, origin = self.find_template(template_name)
  File "C:\Users\joni0\OneDrive\Desktop\brew_seminar\env\lib\site-packages\django\template\engine.py", line 158, in find_template
    template = loader.get_template(name, skip=skip)
  File "C:\Users\joni0\OneDrive\Desktop\brew_seminar\env\lib\site-packages\django\template\loaders\base.py", line 28, in get_template
    return Template(
  File "C:\Users\joni0\OneDrive\Desktop\brew_seminar\env\lib\site-packages\django\template\base.py", line 154, in __init__
    self.nodelist = self.compile_nodelist()
  File "C:\Users\joni0\OneDrive\Desktop\brew_seminar\env\lib\site-packages\django\template\base.py", line 200, in compile_nodelist
    return parser.parse()
  File "C:\Users\joni0\OneDrive\Desktop\brew_seminar\env\lib\site-packages\django\template\base.py", line 514, in parse
    self.extend_nodelist(nodelist, compiled_result, token)
  File "C:\Users\joni0\OneDrive\Desktop\brew_seminar\env\lib\site-packages\django\template\base.py", line 531, in extend_nodelist
    raise self.error(
django.template.exceptions.TemplateSyntaxError: <ExtendsNode: extends "index.html"> must be the first tag in the template.
HTTP GET /menu 500 [0.18, 127.0.0.1:62763]
Internal Server Error: /
Traceback (most recent call last):
  File "C:\Users\joni0\OneDrive\Desktop\brew_seminar\env\lib\site-packages\asgiref\sync.py", line 451, in thread_handler
    raise exc_info[1]
  File "C:\Users\joni0\OneDrive\Desktop\brew_seminar\env\lib\site-packages\django\core\handlers\exception.py", line 42, in inner
    response = await get_response(request)
  File "C:\Users\joni0\OneDrive\Desktop\brew_seminar\env\lib\site-packages\django\core\handlers\base.py", line 253, in _get_response_async
    response = await wrapped_callback(
  File "C:\Users\joni0\OneDrive\Desktop\brew_seminar\env\lib\site-packages\asgiref\sync.py", line 414, in __call__
    ret = await asyncio.wait_for(future, timeout=None)
  File "C:\Program Files\WindowsApps\PythonSoftwareFoundation.Python.3.9_3.9.2800.0_x64__qbz5n2kfra8p0\lib\asyncio\tasks.py", line 442, in wait_for
    return await fut
  File "C:\Program Files\WindowsApps\PythonSoftwareFoundation.Python.3.9_3.9.2800.0_x64__qbz5n2kfra8p0\lib\concurrent\futures\thread.py", line 58, in run
    result = self.fn(*self.args, **self.kwargs)
  File "C:\Users\joni0\OneDrive\Desktop\brew_seminar\env\lib\site-packages\asgiref\sync.py", line 455, in thread_handler
    return func(*args, **kwargs)
  File "C:\Users\joni0\OneDrive\Desktop\brew_seminar\brew_seminar\brewing\views.py", line 8, in index
    return render(request, 'brewing/index.html')
  File "C:\Users\joni0\OneDrive\Desktop\brew_seminar\env\lib\site-packages\django\shortcuts.py", line 24, in render
    content = loader.render_to_string(template_name, context, request, using=using)
  File "C:\Users\joni0\OneDrive\Desktop\brew_seminar\env\lib\site-packages\django\template\loader.py", line 61, in render_to_string
    template = get_template(template_name, using=using)
  File "C:\Users\joni0\OneDrive\Desktop\brew_seminar\env\lib\site-packages\django\template\loader.py", line 15, in get_template
    return engine.get_template(template_name)
  File "C:\Users\joni0\OneDrive\Desktop\brew_seminar\env\lib\site-packages\django\template\backends\django.py", line 34, in get_template
    return Template(self.engine.get_template(template_name), self)
  File "C:\Users\joni0\OneDrive\Desktop\brew_seminar\env\lib\site-packages\django\template\engine.py", line 176, in get_template
    template, origin = self.find_template(template_name)
  File "C:\Users\joni0\OneDrive\Desktop\brew_seminar\env\lib\site-packages\django\template\engine.py", line 158, in find_template
    template = loader.get_template(name, skip=skip)
  File "C:\Users\joni0\OneDrive\Desktop\brew_seminar\env\lib\site-packages\django\template\loaders\base.py", line 28, in get_template
    return Template(
  File "C:\Users\joni0\OneDrive\Desktop\brew_seminar\env\lib\site-packages\django\template\base.py", line 154, in __init__
    self.nodelist = self.compile_nodelist()
  File "C:\Users\joni0\OneDrive\Desktop\brew_seminar\env\lib\site-packages\django\template\base.py", line 200, in compile_nodelist
    return parser.parse()
  File "C:\Users\joni0\OneDrive\Desktop\brew_seminar\env\lib\site-packages\django\template\base.py", line 514, in parse
    self.extend_nodelist(nodelist, compiled_result, token)
  File "C:\Users\joni0\OneDrive\Desktop\brew_seminar\env\lib\site-packages\django\template\base.py", line 531, in extend_nodelist
    raise self.error(
django.template.exceptions.TemplateSyntaxError: <ExtendsNode: extends "menu.html"> must be the first tag in the template.
HTTP GET / 500 [0.05, 127.0.0.1:54833]
HTTP GET / 200 [0.03, 127.0.0.1:57376]
HTTP GET /static/style.css 200 [0.00, 127.0.0.1:57376]
Not Found: /favicon.ico
HTTP GET / 200 [0.01, 127.0.0.1:57378]
Internal Server Error: /menu
Traceback (most recent call last):
  File "C:\Users\joni0\OneDrive\Desktop\brew_seminar\env\lib\site-packages\django\template\backends\django.py", line 62, in render
    return self.template.render(context)
  File "C:\Users\joni0\OneDrive\Desktop\brew_seminar\env\lib\site-packages\django\template\base.py", line 175, in render
    return self._render(context)
  File "C:\Users\joni0\OneDrive\Desktop\brew_seminar\env\lib\site-packages\django\template\base.py", line 167, in _render
    return self.nodelist.render(context)
  File "C:\Users\joni0\OneDrive\Desktop\brew_seminar\env\lib\site-packages\django\template\base.py", line 1000, in render
    return SafeString("".join([node.render_annotated(context) for node in self]))
  File "C:\Users\joni0\OneDrive\Desktop\brew_seminar\env\lib\site-packages\django\template\base.py", line 1000, in <listcomp>
    return SafeString("".join([node.render_annotated(context) for node in self]))
  File "C:\Users\joni0\OneDrive\Desktop\brew_seminar\env\lib\site-packages\django\template\base.py", line 958, in render_annotated
    return self.render(context)
  File "C:\Users\joni0\OneDrive\Desktop\brew_seminar\env\lib\site-packages\django\template\loader_tags.py", line 132, in render
    compiled_parent = self.get_parent(context)
  File "C:\Users\joni0\OneDrive\Desktop\brew_seminar\env\lib\site-packages\django\template\loader_tags.py", line 129, in get_parent
    return self.find_template(parent, context)
  File "C:\Users\joni0\OneDrive\Desktop\brew_seminar\env\lib\site-packages\django\template\loader_tags.py", line 107, in find_template
    template, origin = context.template.engine.find_template(
  File "C:\Users\joni0\OneDrive\Desktop\brew_seminar\env\lib\site-packages\django\template\engine.py", line 162, in find_template
    raise TemplateDoesNotExist(name, tried=tried)
django.template.exceptions.TemplateDoesNotExist: index.html

The above exception was the direct cause of the following exception:

Traceback (most recent call last):
  File "C:\Users\joni0\OneDrive\Desktop\brew_seminar\env\lib\site-packages\asgiref\sync.py", line 451, in thread_handler
    raise exc_info[1]
  File "C:\Users\joni0\OneDrive\Desktop\brew_seminar\env\lib\site-packages\django\core\handlers\exception.py", line 42, in inner
    response = await get_response(request)
  File "C:\Users\joni0\OneDrive\Desktop\brew_seminar\env\lib\site-packages\django\core\handlers\base.py", line 253, in _get_response_async
    response = await wrapped_callback(
  File "C:\Users\joni0\OneDrive\Desktop\brew_seminar\env\lib\site-packages\asgiref\sync.py", line 414, in __call__
    ret = await asyncio.wait_for(future, timeout=None)
  File "C:\Program Files\WindowsApps\PythonSoftwareFoundation.Python.3.9_3.9.2800.0_x64__qbz5n2kfra8p0\lib\asyncio\tasks.py", line 442, in wait_for
    return await fut
  File "C:\Program Files\WindowsApps\PythonSoftwareFoundation.Python.3.9_3.9.2800.0_x64__qbz5n2kfra8p0\lib\concurrent\futures\thread.py", line 58, in run
    result = self.fn(*self.args, **self.kwargs)
  File "C:\Users\joni0\OneDrive\Desktop\brew_seminar\env\lib\site-packages\asgiref\sync.py", line 455, in thread_handler
    return func(*args, **kwargs)
  File "C:\Users\joni0\OneDrive\Desktop\brew_seminar\brew_seminar\brewing\views.py", line 14, in menu
    return render(request, 'brewing/menu.html')
  File "C:\Users\joni0\OneDrive\Desktop\brew_seminar\env\lib\site-packages\django\shortcuts.py", line 24, in render
    content = loader.render_to_string(template_name, context, request, using=using)
  File "C:\Users\joni0\OneDrive\Desktop\brew_seminar\env\lib\site-packages\django\template\loader.py", line 62, in render_to_string
    return template.render(context, request)
  File "C:\Users\joni0\OneDrive\Desktop\brew_seminar\env\lib\site-packages\django\template\backends\django.py", line 64, in render
    reraise(exc, self.backend)
  File "C:\Users\joni0\OneDrive\Desktop\brew_seminar\env\lib\site-packages\django\template\backends\django.py", line 85, in reraise
    raise new from exc
django.template.exceptions.TemplateDoesNotExist: index.html
HTTP GET /menu 500 [0.06, 127.0.0.1:57378]
C:\Users\joni0\OneDrive\Desktop\brew_seminar\brew_seminar\brewing\urls.py changed, reloading.
C:\Users\joni0\OneDrive\Desktop\brew_seminar\brew_seminar\brewing\urls.py changed, reloading.
C:\Users\joni0\OneDrive\Desktop\brew_seminar\brew_seminar\brewing\urls.py changed, reloading.
C:\Users\joni0\OneDrive\Desktop\brew_seminar\brew_seminar\brewing\views.py changed, reloading.
HTTP GET /menu 200 [0.05, 127.0.0.1:64927]
HTTP GET /static/style.css 200 [0.51, 127.0.0.1:64927]
Not Found: /favicon.ico
Internal Server Error: /home
Traceback (most recent call last):
  File "C:\Users\joni0\OneDrive\Desktop\brew_seminar\env\lib\site-packages\django\template\backends\django.py", line 62, in render
    return self.template.render(context)
  File "C:\Users\joni0\OneDrive\Desktop\brew_seminar\env\lib\site-packages\django\template\base.py", line 175, in render
    return self._render(context)
  File "C:\Users\joni0\OneDrive\Desktop\brew_seminar\env\lib\site-packages\django\template\base.py", line 167, in _render
    return self.nodelist.render(context)
  File "C:\Users\joni0\OneDrive\Desktop\brew_seminar\env\lib\site-packages\django\template\base.py", line 1000, in render
    return SafeString("".join([node.render_annotated(context) for node in self]))
  File "C:\Users\joni0\OneDrive\Desktop\brew_seminar\env\lib\site-packages\django\template\base.py", line 1000, in <listcomp>
    return SafeString("".join([node.render_annotated(context) for node in self]))
  File "C:\Users\joni0\OneDrive\Desktop\brew_seminar\env\lib\site-packages\django\template\base.py", line 958, in render_annotated
    return self.render(context)
  File "C:\Users\joni0\OneDrive\Desktop\brew_seminar\env\lib\site-packages\django\template\loader_tags.py", line 132, in render
    compiled_parent = self.get_parent(context)
  File "C:\Users\joni0\OneDrive\Desktop\brew_seminar\env\lib\site-packages\django\template\loader_tags.py", line 129, in get_parent
    return self.find_template(parent, context)
  File "C:\Users\joni0\OneDrive\Desktop\brew_seminar\env\lib\site-packages\django\template\loader_tags.py", line 107, in find_template
    template, origin = context.template.engine.find_template(
  File "C:\Users\joni0\OneDrive\Desktop\brew_seminar\env\lib\site-packages\django\template\engine.py", line 162, in find_template
    raise TemplateDoesNotExist(name, tried=tried)
django.template.exceptions.TemplateDoesNotExist: menu.html

The above exception was the direct cause of the following exception:

Traceback (most recent call last):
  File "C:\Users\joni0\OneDrive\Desktop\brew_seminar\env\lib\site-packages\asgiref\sync.py", line 451, in thread_handler
    raise exc_info[1]
  File "C:\Users\joni0\OneDrive\Desktop\brew_seminar\env\lib\site-packages\django\core\handlers\exception.py", line 42, in inner
    response = await get_response(request)
  File "C:\Users\joni0\OneDrive\Desktop\brew_seminar\env\lib\site-packages\django\core\handlers\base.py", line 253, in _get_response_async
    response = await wrapped_callback(
  File "C:\Users\joni0\OneDrive\Desktop\brew_seminar\env\lib\site-packages\asgiref\sync.py", line 414, in __call__
    ret = await asyncio.wait_for(future, timeout=None)
  File "C:\Program Files\WindowsApps\PythonSoftwareFoundation.Python.3.9_3.9.2800.0_x64__qbz5n2kfra8p0\lib\asyncio\tasks.py", line 442, in wait_for
    return await fut
  File "C:\Program Files\WindowsApps\PythonSoftwareFoundation.Python.3.9_3.9.2800.0_x64__qbz5n2kfra8p0\lib\concurrent\futures\thread.py", line 58, in run
    result = self.fn(*self.args, **self.kwargs)
  File "C:\Users\joni0\OneDrive\Desktop\brew_seminar\env\lib\site-packages\asgiref\sync.py", line 455, in thread_handler
    return func(*args, **kwargs)
  File "C:\Users\joni0\OneDrive\Desktop\brew_seminar\brew_seminar\brewing\views.py", line 14, in home
    return render(request, 'brewing/home.html')
  File "C:\Users\joni0\OneDrive\Desktop\brew_seminar\env\lib\site-packages\django\shortcuts.py", line 24, in render
    content = loader.render_to_string(template_name, context, request, using=using)
  File "C:\Users\joni0\OneDrive\Desktop\brew_seminar\env\lib\site-packages\django\template\loader.py", line 62, in render_to_string
    return template.render(context, request)
  File "C:\Users\joni0\OneDrive\Desktop\brew_seminar\env\lib\site-packages\django\template\backends\django.py", line 64, in render
    reraise(exc, self.backend)
  File "C:\Users\joni0\OneDrive\Desktop\brew_seminar\env\lib\site-packages\django\template\backends\django.py", line 85, in reraise
    raise new from exc
django.template.exceptions.TemplateDoesNotExist: menu.html
HTTP GET /home 500 [0.06, 127.0.0.1:64931]
C:\Users\joni0\OneDrive\Desktop\brew_seminar\brew_seminar\brewing\views.py changed, reloading.
Internal Server Error: /home
Traceback (most recent call last):
  File "C:\Users\joni0\OneDrive\Desktop\brew_seminar\env\lib\site-packages\django\template\backends\django.py", line 62, in render
    return self.template.render(context)
  File "C:\Users\joni0\OneDrive\Desktop\brew_seminar\env\lib\site-packages\django\template\base.py", line 175, in render
    return self._render(context)
  File "C:\Users\joni0\OneDrive\Desktop\brew_seminar\env\lib\site-packages\django\template\base.py", line 167, in _render
    return self.nodelist.render(context)
  File "C:\Users\joni0\OneDrive\Desktop\brew_seminar\env\lib\site-packages\django\template\base.py", line 1000, in render
    return SafeString("".join([node.render_annotated(context) for node in self]))
  File "C:\Users\joni0\OneDrive\Desktop\brew_seminar\env\lib\site-packages\django\template\base.py", line 1000, in <listcomp>
    return SafeString("".join([node.render_annotated(context) for node in self]))
  File "C:\Users\joni0\OneDrive\Desktop\brew_seminar\env\lib\site-packages\django\template\base.py", line 958, in render_annotated
    return self.render(context)
  File "C:\Users\joni0\OneDrive\Desktop\brew_seminar\env\lib\site-packages\django\template\loader_tags.py", line 132, in render
    compiled_parent = self.get_parent(context)
  File "C:\Users\joni0\OneDrive\Desktop\brew_seminar\env\lib\site-packages\django\template\loader_tags.py", line 129, in get_parent
    return self.find_template(parent, context)
  File "C:\Users\joni0\OneDrive\Desktop\brew_seminar\env\lib\site-packages\django\template\loader_tags.py", line 107, in find_template
    template, origin = context.template.engine.find_template(
  File "C:\Users\joni0\OneDrive\Desktop\brew_seminar\env\lib\site-packages\django\template\engine.py", line 162, in find_template
    raise TemplateDoesNotExist(name, tried=tried)
django.template.exceptions.TemplateDoesNotExist: menu.html

The above exception was the direct cause of the following exception:

Traceback (most recent call last):
  File "C:\Users\joni0\OneDrive\Desktop\brew_seminar\env\lib\site-packages\asgiref\sync.py", line 451, in thread_handler
    raise exc_info[1]
  File "C:\Users\joni0\OneDrive\Desktop\brew_seminar\env\lib\site-packages\django\core\handlers\exception.py", line 42, in inner
    response = await get_response(request)
  File "C:\Users\joni0\OneDrive\Desktop\brew_seminar\env\lib\site-packages\django\core\handlers\base.py", line 253, in _get_response_async
    response = await wrapped_callback(
  File "C:\Users\joni0\OneDrive\Desktop\brew_seminar\env\lib\site-packages\asgiref\sync.py", line 414, in __call__
    ret = await asyncio.wait_for(future, timeout=None)
  File "C:\Program Files\WindowsApps\PythonSoftwareFoundation.Python.3.9_3.9.2800.0_x64__qbz5n2kfra8p0\lib\asyncio\tasks.py", line 442, in wait_for
    return await fut
  File "C:\Program Files\WindowsApps\PythonSoftwareFoundation.Python.3.9_3.9.2800.0_x64__qbz5n2kfra8p0\lib\concurrent\futures\thread.py", line 58, in run
    result = self.fn(*self.args, **self.kwargs)
  File "C:\Users\joni0\OneDrive\Desktop\brew_seminar\env\lib\site-packages\asgiref\sync.py", line 455, in thread_handler
    return func(*args, **kwargs)
  File "C:\Users\joni0\OneDrive\Desktop\brew_seminar\brew_seminar\brewing\views.py", line 17, in home
    return render(request, 'brewing/home.html')
  File "C:\Users\joni0\OneDrive\Desktop\brew_seminar\env\lib\site-packages\django\shortcuts.py", line 24, in render
    content = loader.render_to_string(template_name, context, request, using=using)
  File "C:\Users\joni0\OneDrive\Desktop\brew_seminar\env\lib\site-packages\django\template\loader.py", line 62, in render_to_string
    return template.render(context, request)
  File "C:\Users\joni0\OneDrive\Desktop\brew_seminar\env\lib\site-packages\django\template\backends\django.py", line 64, in render
    reraise(exc, self.backend)
  File "C:\Users\joni0\OneDrive\Desktop\brew_seminar\env\lib\site-packages\django\template\backends\django.py", line 85, in reraise
    raise new from exc
django.template.exceptions.TemplateDoesNotExist: menu.html
HTTP GET /home 500 [0.09, 127.0.0.1:52535]
HTTP GET /menu 200 [0.01, 127.0.0.1:52535]
HTTP GET /menu 200 [0.01, 127.0.0.1:52535]
Internal Server Error: /home
Traceback (most recent call last):
  File "C:\Users\joni0\OneDrive\Desktop\brew_seminar\env\lib\site-packages\django\template\backends\django.py", line 62, in render
    return self.template.render(context)
  File "C:\Users\joni0\OneDrive\Desktop\brew_seminar\env\lib\site-packages\django\template\base.py", line 175, in render
    return self._render(context)
  File "C:\Users\joni0\OneDrive\Desktop\brew_seminar\env\lib\site-packages\django\template\base.py", line 167, in _render
    return self.nodelist.render(context)
  File "C:\Users\joni0\OneDrive\Desktop\brew_seminar\env\lib\site-packages\django\template\base.py", line 1000, in render
    return SafeString("".join([node.render_annotated(context) for node in self]))
  File "C:\Users\joni0\OneDrive\Desktop\brew_seminar\env\lib\site-packages\django\template\base.py", line 1000, in <listcomp>
    return SafeString("".join([node.render_annotated(context) for node in self]))
  File "C:\Users\joni0\OneDrive\Desktop\brew_seminar\env\lib\site-packages\django\template\base.py", line 958, in render_annotated
    return self.render(context)
  File "C:\Users\joni0\OneDrive\Desktop\brew_seminar\env\lib\site-packages\django\template\loader_tags.py", line 132, in render
    compiled_parent = self.get_parent(context)
  File "C:\Users\joni0\OneDrive\Desktop\brew_seminar\env\lib\site-packages\django\template\loader_tags.py", line 129, in get_parent
    return self.find_template(parent, context)
  File "C:\Users\joni0\OneDrive\Desktop\brew_seminar\env\lib\site-packages\django\template\loader_tags.py", line 107, in find_template
    template, origin = context.template.engine.find_template(
  File "C:\Users\joni0\OneDrive\Desktop\brew_seminar\env\lib\site-packages\django\template\engine.py", line 162, in find_template
    raise TemplateDoesNotExist(name, tried=tried)
django.template.exceptions.TemplateDoesNotExist: menu.html

The above exception was the direct cause of the following exception:

Traceback (most recent call last):
  File "C:\Users\joni0\OneDrive\Desktop\brew_seminar\env\lib\site-packages\asgiref\sync.py", line 451, in thread_handler
    raise exc_info[1]
  File "C:\Users\joni0\OneDrive\Desktop\brew_seminar\env\lib\site-packages\django\core\handlers\exception.py", line 42, in inner
    response = await get_response(request)
  File "C:\Users\joni0\OneDrive\Desktop\brew_seminar\env\lib\site-packages\django\core\handlers\base.py", line 253, in _get_response_async
    response = await wrapped_callback(
  File "C:\Users\joni0\OneDrive\Desktop\brew_seminar\env\lib\site-packages\asgiref\sync.py", line 414, in __call__
    ret = await asyncio.wait_for(future, timeout=None)
  File "C:\Program Files\WindowsApps\PythonSoftwareFoundation.Python.3.9_3.9.2800.0_x64__qbz5n2kfra8p0\lib\asyncio\tasks.py", line 442, in wait_for
    return await fut
  File "C:\Program Files\WindowsApps\PythonSoftwareFoundation.Python.3.9_3.9.2800.0_x64__qbz5n2kfra8p0\lib\concurrent\futures\thread.py", line 58, in run
    result = self.fn(*self.args, **self.kwargs)
  File "C:\Users\joni0\OneDrive\Desktop\brew_seminar\env\lib\site-packages\asgiref\sync.py", line 455, in thread_handler
    return func(*args, **kwargs)
  File "C:\Users\joni0\OneDrive\Desktop\brew_seminar\brew_seminar\brewing\views.py", line 17, in home
    return render(request, 'brewing/home.html')
  File "C:\Users\joni0\OneDrive\Desktop\brew_seminar\env\lib\site-packages\django\shortcuts.py", line 24, in render
    content = loader.render_to_string(template_name, context, request, using=using)
  File "C:\Users\joni0\OneDrive\Desktop\brew_seminar\env\lib\site-packages\django\template\loader.py", line 62, in render_to_string
    return template.render(context, request)
  File "C:\Users\joni0\OneDrive\Desktop\brew_seminar\env\lib\site-packages\django\template\backends\django.py", line 64, in render
    reraise(exc, self.backend)
  File "C:\Users\joni0\OneDrive\Desktop\brew_seminar\env\lib\site-packages\django\template\backends\django.py", line 85, in reraise
    raise new from exc
django.template.exceptions.TemplateDoesNotExist: menu.html
HTTP GET /home 500 [0.05, 127.0.0.1:52535]
HTTP GET /home 200 [0.01, 127.0.0.1:52535]
HTTP GET /home 200 [0.01, 127.0.0.1:52535]
HTTP GET /home 200 [0.01, 127.0.0.1:52535]
HTTP GET /static/style.css 200 [0.41, 127.0.0.1:52535]
HTTP GET /home 200 [0.02, 127.0.0.1:52535]
HTTP GET /home 200 [0.01, 127.0.0.1:52535]
HTTP GET /home 200 [0.01, 127.0.0.1:52535]
HTTP GET /home 200 [0.02, 127.0.0.1:52535]
HTTP GET /home 200 [0.01, 127.0.0.1:52535]
HTTP GET /home 200 [0.01, 127.0.0.1:52535]
HTTP GET /home 200 [0.01, 127.0.0.1:52535]
C:\Users\joni0\OneDrive\Desktop\brew_seminar\brew_seminar\brewing\urls.py changed, reloading.
C:\Users\joni0\OneDrive\Desktop\brew_seminar\brew_seminar\brewing\urls.py changed, reloading.
C:\Users\joni0\OneDrive\Desktop\brew_seminar\brew_seminar\brewing\urls.py changed, reloading.
C:\Users\joni0\OneDrive\Desktop\brew_seminar\brew_seminar\brewing\views.py changed, reloading.
HTTP GET /home 200 [0.02, 127.0.0.1:54869]
HTTP GET /static/style.css 200 [0.47, 127.0.0.1:54869]
Not Found: /favicon.ico
HTTP GET /home 200 [0.01, 127.0.0.1:54873]
Not Found: /favicon.ico
Not Found: /.../brewing
HTTP GET /.../brewing 404 [0.01, 127.0.0.1:54874]
Not Found: /.../brewing
HTTP GET /.../brewing 404 [0.01, 127.0.0.1:54874]
HTTP GET / 200 [0.01, 127.0.0.1:54874]
Not Found: /favicon.ico
HTTP GET /home 200 [0.01, 127.0.0.1:62620]
HTTP GET /brewing 200 [0.01, 127.0.0.1:62620]
HTTP GET /home 200 [0.01, 127.0.0.1:62620]
HTTP GET /creating 200 [0.01, 127.0.0.1:62620]
HTTP GET /brewing 200 [0.01, 127.0.0.1:62620]
HTTP GET /home 200 [0.01, 127.0.0.1:62620]
HTTP GET /creating 200 [0.01, 127.0.0.1:62620]
Internal Server Error: /home
Traceback (most recent call last):
  File "C:\Users\joni0\OneDrive\Desktop\brew_seminar\env\lib\site-packages\asgiref\sync.py", line 451, in thread_handler
    raise exc_info[1]
  File "C:\Users\joni0\OneDrive\Desktop\brew_seminar\env\lib\site-packages\django\core\handlers\exception.py", line 42, in inner
    response = await get_response(request)
  File "C:\Users\joni0\OneDrive\Desktop\brew_seminar\env\lib\site-packages\django\core\handlers\base.py", line 253, in _get_response_async
    response = await wrapped_callback(
  File "C:\Users\joni0\OneDrive\Desktop\brew_seminar\env\lib\site-packages\asgiref\sync.py", line 414, in __call__
    ret = await asyncio.wait_for(future, timeout=None)
  File "C:\Program Files\WindowsApps\PythonSoftwareFoundation.Python.3.9_3.9.2800.0_x64__qbz5n2kfra8p0\lib\asyncio\tasks.py", line 442, in wait_for
    return await fut
  File "C:\Program Files\WindowsApps\PythonSoftwareFoundation.Python.3.9_3.9.2800.0_x64__qbz5n2kfra8p0\lib\concurrent\futures\thread.py", line 58, in run
    result = self.fn(*self.args, **self.kwargs)
  File "C:\Users\joni0\OneDrive\Desktop\brew_seminar\env\lib\site-packages\asgiref\sync.py", line 455, in thread_handler
    return func(*args, **kwargs)
  File "C:\Users\joni0\OneDrive\Desktop\brew_seminar\brew_seminar\brewing\views.py", line 56, in home
    return render(request, 'brewing/home.html')
  File "C:\Users\joni0\OneDrive\Desktop\brew_seminar\env\lib\site-packages\django\shortcuts.py", line 24, in render
    content = loader.render_to_string(template_name, context, request, using=using)
  File "C:\Users\joni0\OneDrive\Desktop\brew_seminar\env\lib\site-packages\django\template\loader.py", line 61, in render_to_string
    template = get_template(template_name, using=using)
  File "C:\Users\joni0\OneDrive\Desktop\brew_seminar\env\lib\site-packages\django\template\loader.py", line 15, in get_template
    return engine.get_template(template_name)
  File "C:\Users\joni0\OneDrive\Desktop\brew_seminar\env\lib\site-packages\django\template\backends\django.py", line 34, in get_template
    return Template(self.engine.get_template(template_name), self)
  File "C:\Users\joni0\OneDrive\Desktop\brew_seminar\env\lib\site-packages\django\template\engine.py", line 176, in get_template
    template, origin = self.find_template(template_name)
  File "C:\Users\joni0\OneDrive\Desktop\brew_seminar\env\lib\site-packages\django\template\engine.py", line 158, in find_template
    template = loader.get_template(name, skip=skip)
  File "C:\Users\joni0\OneDrive\Desktop\brew_seminar\env\lib\site-packages\django\template\loaders\base.py", line 28, in get_template
    return Template(
  File "C:\Users\joni0\OneDrive\Desktop\brew_seminar\env\lib\site-packages\django\template\base.py", line 154, in __init__
    self.nodelist = self.compile_nodelist()
  File "C:\Users\joni0\OneDrive\Desktop\brew_seminar\env\lib\site-packages\django\template\base.py", line 200, in compile_nodelist
    return parser.parse()
  File "C:\Users\joni0\OneDrive\Desktop\brew_seminar\env\lib\site-packages\django\template\base.py", line 513, in parse
    raise self.error(token, e)
  File "C:\Users\joni0\OneDrive\Desktop\brew_seminar\env\lib\site-packages\django\template\base.py", line 511, in parse
    compiled_result = compile_func(self, token)
  File "C:\Users\joni0\OneDrive\Desktop\brew_seminar\env\lib\site-packages\django\template\loader_tags.py", line 295, in do_extends
    raise TemplateSyntaxError(
django.template.exceptions.TemplateSyntaxError: 'extends' cannot appear more than once in the same template
HTTP GET /home 500 [0.06, 127.0.0.1:60099]
HTTP GET /home 200 [0.01, 127.0.0.1:60099]
HTTP GET /static/style.css 200 [0.00, 127.0.0.1:60099]
HTTP GET /brewing 200 [0.01, 127.0.0.1:60099]
HTTP GET /home 200 [0.01, 127.0.0.1:60099]
HTTP GET /creating 200 [0.01, 127.0.0.1:60099]
HTTP GET /creating 200 [0.01, 127.0.0.1:60099]
HTTP GET /creating 200 [0.01, 127.0.0.1:60099]
HTTP GET /home 200 [0.01, 127.0.0.1:60099]
HTTP GET /home 200 [0.03, 127.0.0.1:60099]
HTTP GET /home 200 [0.01, 127.0.0.1:60099]
HTTP GET / 200 [0.01, 127.0.0.1:61252]
HTTP GET /home 200 [0.01, 127.0.0.1:61252]
HTTP GET /creating 200 [0.01, 127.0.0.1:61252]
HTTP GET /home 200 [0.01, 127.0.0.1:61252]
HTTP GET /brewing 200 [0.01, 127.0.0.1:61252]
HTTP GET /home 200 [0.03, 127.0.0.1:57371]
HTTP GET /static/style.css 200 [0.40, 127.0.0.1:57371]
HTTP GET /home 200 [0.01, 127.0.0.1:50585]
HTTP GET /static/style.css 200 [0.01, 127.0.0.1:50585]
HTTP GET /home 200 [0.06, 127.0.0.1:50585]
HTTP GET /static/style.css 200 [0.01, 127.0.0.1:50585]
HTTP GET /home 200 [0.01, 127.0.0.1:50585]
HTTP GET /static/style.css 304 [0.00, 127.0.0.1:50585]
HTTP GET /home 200 [0.01, 127.0.0.1:50585]
HTTP GET /static/style.css 200 [0.01, 127.0.0.1:50585]
HTTP GET /home 200 [0.01, 127.0.0.1:50585]
HTTP GET /static/style.css 304 [0.00, 127.0.0.1:50585]
HTTP GET /home 200 [0.01, 127.0.0.1:50585]
HTTP GET /static/style.css 200 [0.01, 127.0.0.1:50585]
HTTP GET /brewing 200 [0.01, 127.0.0.1:50585]
HTTP GET /static/style.css 200 [0.00, 127.0.0.1:50585]
HTTP GET /home 200 [0.01, 127.0.0.1:50585]
HTTP GET /creating 200 [0.01, 127.0.0.1:50585]
HTTP GET /static/style.css 304 [0.00, 127.0.0.1:50585]
HTTP GET /home 200 [0.01, 127.0.0.1:50585]
HTTP GET /brewing 200 [0.01, 127.0.0.1:50585]
HTTP GET /home 200 [0.01, 127.0.0.1:50585]
HTTP GET /static/style.css 304 [0.00, 127.0.0.1:50585]
HTTP GET /home 200 [0.01, 127.0.0.1:50585]
HTTP GET /static/style.css 304 [0.00, 127.0.0.1:50585]
HTTP GET /brewing 200 [0.02, 127.0.0.1:50585]
HTTP GET /home 200 [0.01, 127.0.0.1:50585]
HTTP GET /creating 200 [0.01, 127.0.0.1:50585]
HTTP GET /home 200 [0.01, 127.0.0.1:50585]
HTTP GET /brewing 200 [0.01, 127.0.0.1:50585]
HTTP GET /static/style.css 304 [0.00, 127.0.0.1:50585]
HTTP GET /brewing 200 [0.02, 127.0.0.1:50585]
HTTP GET /static/style.css 304 [0.00, 127.0.0.1:50585]
HTTP GET /brewing 200 [0.01, 127.0.0.1:50585]
HTTP GET /home 200 [0.01, 127.0.0.1:50585]
HTTP GET /creating 200 [0.01, 127.0.0.1:50585]
HTTP GET /brewing 200 [0.01, 127.0.0.1:50585]
HTTP GET /home 200 [0.01, 127.0.0.1:50585]
C:\Users\joni0\OneDrive\Desktop\brew_seminar\brew_seminar\brewing\urls.py changed, reloading.
C:\Users\joni0\OneDrive\Desktop\brew_seminar\brew_seminar\brewing\urls.py changed, reloading.
HTTP GET /home 200 [0.02, 127.0.0.1:60176]
HTTP GET /static/style.css 304 [0.00, 127.0.0.1:60176]
HTTP GET /brewing 200 [0.01, 127.0.0.1:60176]
HTTP GET /home 200 [0.01, 127.0.0.1:60176]
HTTP GET /creating 200 [0.01, 127.0.0.1:60176]
HTTP GET /creating 200 [0.01, 127.0.0.1:60176]
HTTP GET /static/style.css 304 [0.00, 127.0.0.1:60176]
HTTP GET /home 200 [0.01, 127.0.0.1:60176]
HTTP GET /home 200 [0.01, 127.0.0.1:60176]
HTTP GET /home 200 [0.02, 127.0.0.1:60176]
HTTP GET /home 200 [0.02, 127.0.0.1:60176]
HTTP GET /static/style.css 200 [0.47, 127.0.0.1:60176]
HTTP GET /home 200 [0.01, 127.0.0.1:60176]
HTTP GET /static/style.css 304 [0.00, 127.0.0.1:60176]
HTTP GET /home 200 [0.01, 127.0.0.1:60176]
HTTP GET /static/style.css 304 [0.00, 127.0.0.1:60176]
HTTP GET /home 200 [0.01, 127.0.0.1:60176]
HTTP GET /static/style.css 304 [0.00, 127.0.0.1:60176]
HTTP GET /home 200 [0.02, 127.0.0.1:60176]
HTTP GET /static/style.css 304 [0.00, 127.0.0.1:60176]
HTTP GET /home 200 [0.01, 127.0.0.1:50438]
HTTP GET /static/style.css 200 [0.01, 127.0.0.1:50438]
HTTP GET / 200 [0.05, 127.0.0.1:58570]
HTTP GET /static/style.css 200 [0.46, 127.0.0.1:58570]
HTTP GET /home 200 [0.01, 127.0.0.1:58570]
HTTP GET /static/style.css 304 [0.00, 127.0.0.1:58570]
HTTP GET /home 200 [0.01, 127.0.0.1:59273]
HTTP GET /static/style.css 200 [0.00, 127.0.0.1:59273]
HTTP GET /home 200 [0.01, 127.0.0.1:59273]
HTTP GET /static/style.css 200 [0.00, 127.0.0.1:59273]
HTTP GET /home 200 [0.01, 127.0.0.1:59273]
HTTP GET /static/style.css 304 [0.00, 127.0.0.1:59273]
HTTP GET /home 200 [0.01, 127.0.0.1:59273]
HTTP GET /static/style.css 200 [0.00, 127.0.0.1:59273]
HTTP GET /home 200 [0.01, 127.0.0.1:60370]
HTTP GET /static/style.css 200 [0.00, 127.0.0.1:60370]
HTTP GET /home 200 [0.01, 127.0.0.1:60370]
HTTP GET /static/style.css 200 [0.00, 127.0.0.1:60370]
HTTP GET /home 200 [0.01, 127.0.0.1:60370]
HTTP GET /static/style.css 200 [0.00, 127.0.0.1:60370]
HTTP GET /home 200 [0.01, 127.0.0.1:60370]
HTTP GET /static/style.css 304 [0.00, 127.0.0.1:60370]
HTTP GET /home 200 [0.01, 127.0.0.1:53040]
HTTP GET /static/style.css 200 [0.00, 127.0.0.1:53040]
HTTP GET /home 200 [0.01, 127.0.0.1:53040]
HTTP GET /static/style.css 200 [0.00, 127.0.0.1:53040]
HTTP GET /home 200 [0.01, 127.0.0.1:63836]
HTTP GET /static/style.css 200 [0.01, 127.0.0.1:63836]
HTTP GET /home 200 [0.01, 127.0.0.1:63836]
HTTP GET /static/style.css 200 [0.00, 127.0.0.1:63836]
HTTP GET /home 200 [0.01, 127.0.0.1:63836]
HTTP GET /static/style.css 200 [0.01, 127.0.0.1:63836]
HTTP GET /home 200 [0.01, 127.0.0.1:63836]
HTTP GET /static/style.css 200 [0.00, 127.0.0.1:63836]
HTTP GET /home 200 [0.01, 127.0.0.1:63836]
HTTP GET /static/style.css 200 [0.00, 127.0.0.1:63836]
HTTP GET /home 200 [0.01, 127.0.0.1:63836]
HTTP GET /static/style.css 200 [0.01, 127.0.0.1:63836]
HTTP GET /home 200 [0.04, 127.0.0.1:55960]
HTTP GET /static/style.css 200 [0.00, 127.0.0.1:55960]
Not Found: /favicon.ico
HTTP GET /home 200 [0.01, 127.0.0.1:50580]
HTTP GET /static/style.css 200 [0.00, 127.0.0.1:50580]
HTTP GET /home 200 [0.02, 127.0.0.1:50580]
HTTP GET /static/style.css 200 [0.00, 127.0.0.1:50580]
HTTP GET /home 200 [0.06, 127.0.0.1:50580]
HTTP GET /static/style.css 200 [0.01, 127.0.0.1:50580]
HTTP GET /home 200 [0.01, 127.0.0.1:50580]
HTTP GET /static/style.css 200 [0.00, 127.0.0.1:50580]
HTTP GET /home 200 [0.01, 127.0.0.1:50580]
HTTP GET /static/style.css 304 [0.00, 127.0.0.1:50580]
HTTP GET /home 200 [0.01, 127.0.0.1:49672]
HTTP GET /home 200 [0.01, 127.0.0.1:49351]
HTTP GET /static/style.css 200 [0.00, 127.0.0.1:49351]
HTTP GET /home 200 [0.01, 127.0.0.1:59666]
HTTP GET /static/style.css 200 [0.00, 127.0.0.1:59666]
HTTP GET /home 200 [0.04, 127.0.0.1:59666]
HTTP GET /static/style.css 200 [0.01, 127.0.0.1:59666]
HTTP GET /home 200 [0.01, 127.0.0.1:59666]
HTTP GET /static/style.css 200 [0.00, 127.0.0.1:59666]
HTTP GET /home 200 [0.01, 127.0.0.1:59666]
HTTP GET /static/style.css 200 [0.00, 127.0.0.1:59666]
HTTP GET /home 200 [0.01, 127.0.0.1:59666]
HTTP GET /static/style.css 200 [0.00, 127.0.0.1:59666]
HTTP GET /home 200 [0.01, 127.0.0.1:59666]
HTTP GET /static/style.css 200 [0.01, 127.0.0.1:59666]
HTTP GET /home 200 [0.01, 127.0.0.1:59666]
HTTP GET /static/style.css 200 [0.00, 127.0.0.1:59666]
HTTP GET /home 200 [0.01, 127.0.0.1:59666]
HTTP GET /static/style.css 200 [0.01, 127.0.0.1:59666]
HTTP GET /home 200 [0.01, 127.0.0.1:61435]
HTTP GET /static/style.css 200 [0.00, 127.0.0.1:61435]
Not Found: /favicon.ico
HTTP GET /home 200 [0.01, 127.0.0.1:61486]
HTTP GET /static/style.css 200 [0.00, 127.0.0.1:61486]
HTTP GET /home 200 [0.01, 127.0.0.1:61486]
HTTP GET /static/style.css 200 [0.00, 127.0.0.1:61486]
HTTP GET /home 200 [0.03, 127.0.0.1:64765]
HTTP GET /static/style.css 200 [0.00, 127.0.0.1:64765]
Not Found: /favicon.ico
HTTP GET /home 200 [0.01, 127.0.0.1:54470]
HTTP GET /static/style.css 200 [0.01, 127.0.0.1:54470]
HTTP GET /home 200 [0.01, 127.0.0.1:54470]
HTTP GET /static/style.css 200 [0.01, 127.0.0.1:54470]
HTTP GET /home 200 [0.01, 127.0.0.1:54470]
HTTP GET /static/style.css 200 [0.01, 127.0.0.1:54470]
HTTP GET /home 200 [0.06, 127.0.0.1:54470]
HTTP GET /static/style.css 200 [0.00, 127.0.0.1:54470]
HTTP GET /home 200 [0.01, 127.0.0.1:54470]
HTTP GET /static/style.css 200 [0.00, 127.0.0.1:54470]
HTTP GET /home 200 [0.01, 127.0.0.1:54470]
HTTP GET /static/style.css 200 [0.00, 127.0.0.1:54470]
HTTP GET /home 200 [0.03, 127.0.0.1:54470]
HTTP GET /static/style.css 200 [0.00, 127.0.0.1:54470]
HTTP GET /home 200 [0.01, 127.0.0.1:60353]
HTTP GET /static/style.css 200 [0.01, 127.0.0.1:60353]
HTTP GET /home 200 [0.01, 127.0.0.1:60353]
HTTP GET /static/style.css 200 [0.00, 127.0.0.1:60353]
HTTP GET /home 200 [0.01, 127.0.0.1:60353]
HTTP GET /static/style.css 200 [0.00, 127.0.0.1:60353]
HTTP GET /home 200 [0.01, 127.0.0.1:60353]
HTTP GET /static/style.css 200 [0.01, 127.0.0.1:60353]
HTTP GET /home 200 [0.03, 127.0.0.1:61654]
HTTP GET /static/style.css 200 [0.00, 127.0.0.1:61654]
HTTP GET /home 200 [0.01, 127.0.0.1:61654]
HTTP GET /static/style.css 200 [0.00, 127.0.0.1:61654]
HTTP GET /home 200 [0.01, 127.0.0.1:61455]
HTTP GET /static/style.css 200 [0.01, 127.0.0.1:61455]
HTTP GET /home 200 [0.01, 127.0.0.1:56672]
HTTP GET /static/style.css 200 [0.01, 127.0.0.1:56672]
HTTP GET /home 200 [0.02, 127.0.0.1:56672]
HTTP GET /static/style.css 200 [0.00, 127.0.0.1:56672]
HTTP GET /home 200 [0.01, 127.0.0.1:56672]
HTTP GET /static/style.css 200 [0.00, 127.0.0.1:56672]
HTTP GET /home 200 [0.01, 127.0.0.1:53166]
HTTP GET /static/style.css 200 [0.01, 127.0.0.1:53166]
HTTP GET /home 200 [0.01, 127.0.0.1:53166]
HTTP GET /static/style.css 200 [0.01, 127.0.0.1:53166]
HTTP GET /home 200 [0.01, 127.0.0.1:53166]
HTTP GET /static/style.css 200 [0.00, 127.0.0.1:53166]
HTTP GET /home 200 [0.01, 127.0.0.1:53166]
HTTP GET /static/style.css 200 [0.00, 127.0.0.1:53166]
HTTP GET /home 200 [0.01, 127.0.0.1:59498]
HTTP GET /static/style.css 200 [0.00, 127.0.0.1:59498]
Not Found: /favicon.ico
HTTP GET /home 200 [0.01, 127.0.0.1:59511]
HTTP GET /static/style.css 200 [0.01, 127.0.0.1:59511]
Not Found: /favicon.ico
HTTP GET /home 200 [0.01, 127.0.0.1:64320]
HTTP GET /static/style.css 200 [0.00, 127.0.0.1:64320]
Not Found: /favicon.ico
HTTP GET /home 200 [0.01, 127.0.0.1:64321]
HTTP GET /static/style.css 200 [0.00, 127.0.0.1:64321]
HTTP GET /home 200 [0.01, 127.0.0.1:64321]
HTTP GET /static/style.css 304 [0.00, 127.0.0.1:64321]
HTTP GET /home 200 [0.01, 127.0.0.1:60685]
HTTP GET /static/style.css 200 [0.00, 127.0.0.1:60685]
HTTP GET /home 200 [0.01, 127.0.0.1:60685]
HTTP GET /static/style.css 200 [0.01, 127.0.0.1:60685]
HTTP GET /home 200 [0.01, 127.0.0.1:60685]
HTTP GET /static/style.css 304 [0.00, 127.0.0.1:60685]
HTTP GET /home 200 [0.01, 127.0.0.1:53987]
HTTP GET /static/style.css 200 [0.00, 127.0.0.1:53987]
HTTP GET /home 200 [0.01, 127.0.0.1:53987]
HTTP GET /static/style.css 200 [0.01, 127.0.0.1:53987]
HTTP GET /home 200 [0.01, 127.0.0.1:53987]
HTTP GET /static/style.css 200 [0.01, 127.0.0.1:53987]
HTTP GET /home 200 [0.01, 127.0.0.1:53987]
HTTP GET /static/style.css 304 [0.00, 127.0.0.1:53987]
HTTP GET /home 200 [0.01, 127.0.0.1:53987]
HTTP GET /static/style.css 200 [0.01, 127.0.0.1:53987]
HTTP GET /home 200 [0.05, 127.0.0.1:64648]
HTTP GET /static/style.css 200 [0.01, 127.0.0.1:64648]
Not Found: /favicon.ico
HTTP GET /home 200 [0.01, 127.0.0.1:50493]
HTTP GET /static/style.css 200 [0.00, 127.0.0.1:50493]
Not Found: /favicon.ico
HTTP GET /home 200 [0.08, 127.0.0.1:50505]
HTTP GET /static/style.css 200 [0.00, 127.0.0.1:50505]
HTTP GET /home 200 [0.01, 127.0.0.1:50505]
HTTP GET /static/style.css 200 [0.00, 127.0.0.1:50505]
HTTP GET /home 200 [0.01, 127.0.0.1:50505]
HTTP GET /static/style.css 200 [0.00, 127.0.0.1:50505]
HTTP GET /home 200 [0.01, 127.0.0.1:50505]
HTTP GET /static/style.css 200 [0.01, 127.0.0.1:50505]
HTTP GET /home 200 [0.01, 127.0.0.1:50505]
HTTP GET /static/style.css 200 [0.00, 127.0.0.1:50505]
HTTP GET /home 200 [0.01, 127.0.0.1:50505]
HTTP GET /static/style.css 200 [0.00, 127.0.0.1:50505]
HTTP GET /home 200 [0.01, 127.0.0.1:50505]
HTTP GET /static/style.css 200 [0.00, 127.0.0.1:50505]
HTTP GET /home 200 [0.01, 127.0.0.1:50505]
HTTP GET /static/style.css 200 [0.00, 127.0.0.1:50505]
HTTP GET /home 200 [0.01, 127.0.0.1:50505]
HTTP GET /static/style.css 304 [0.00, 127.0.0.1:50505]
HTTP GET /home 200 [0.01, 127.0.0.1:50505]
HTTP GET /static/style.css 200 [0.00, 127.0.0.1:50505]
HTTP GET /home 200 [0.01, 127.0.0.1:50505]
HTTP GET /static/style.css 200 [0.00, 127.0.0.1:50505]
HTTP GET /home 200 [0.01, 127.0.0.1:50505]
HTTP GET /static/style.css 200 [0.00, 127.0.0.1:50505]
HTTP GET /home 200 [0.04, 127.0.0.1:50505]
HTTP GET /static/style.css 200 [0.00, 127.0.0.1:50505]
HTTP GET /home 200 [0.01, 127.0.0.1:50505]
HTTP GET /static/style.css 200 [0.00, 127.0.0.1:50505]
HTTP GET /home 200 [0.01, 127.0.0.1:63225]
HTTP GET /static/style.css 304 [0.00, 127.0.0.1:63225]
Not Found: /favicon.ico
HTTP GET /home 200 [0.01, 127.0.0.1:58000]
HTTP GET /static/style.css 200 [0.00, 127.0.0.1:58000]
HTTP GET /brewing 200 [0.01, 127.0.0.1:58000]
HTTP GET /brewing 200 [0.01, 127.0.0.1:58000]
HTTP GET /static/style.css 304 [0.00, 127.0.0.1:58000]
HTTP GET /creating 200 [0.01, 127.0.0.1:58000]
HTTP GET /home 200 [0.01, 127.0.0.1:58000]
HTTP GET /brewing 200 [0.01, 127.0.0.1:58000]
HTTP GET /brewing 200 [0.02, 127.0.0.1:51645]
HTTP GET /static/style.css 200 [0.01, 127.0.0.1:51645]
HTTP GET /brewing 200 [0.01, 127.0.0.1:51645]
HTTP GET /static/style.css 200 [0.00, 127.0.0.1:51645]
HTTP GET /brewing 200 [0.01, 127.0.0.1:51645]
HTTP GET /static/style.css 200 [0.00, 127.0.0.1:51645]
HTTP GET /brewing 200 [0.01, 127.0.0.1:51645]
HTTP GET /static/style.css 200 [0.01, 127.0.0.1:51645]
HTTP GET /brewing 200 [0.01, 127.0.0.1:51645]
HTTP GET /static/style.css 200 [0.00, 127.0.0.1:51645]
HTTP GET /brewing 200 [0.01, 127.0.0.1:51645]
HTTP GET /static/style.css 200 [0.01, 127.0.0.1:51645]
HTTP GET /brewing 200 [0.01, 127.0.0.1:51645]
HTTP GET /static/style.css 200 [0.01, 127.0.0.1:51645]
HTTP GET /brewing 200 [0.01, 127.0.0.1:51645]
HTTP GET /static/style.css 200 [0.00, 127.0.0.1:51645]
HTTP GET /brewing 200 [0.01, 127.0.0.1:51645]
HTTP GET /static/style.css 200 [0.00, 127.0.0.1:51645]
HTTP GET /brewing 200 [0.01, 127.0.0.1:51645]
HTTP GET /static/style.css 200 [0.00, 127.0.0.1:51645]
HTTP GET /brewing 200 [0.01, 127.0.0.1:51645]
HTTP GET /static/style.css 200 [0.01, 127.0.0.1:51645]
HTTP GET /brewing 200 [0.01, 127.0.0.1:51645]
HTTP GET /static/style.css 304 [0.00, 127.0.0.1:51645]
HTTP GET /brewing 200 [0.01, 127.0.0.1:51645]
HTTP GET /static/style.css 200 [0.00, 127.0.0.1:51645]
Internal Server Error: /brewing
Traceback (most recent call last):
  File "C:\Users\joni0\OneDrive\Desktop\brew_seminar\env\lib\site-packages\asgiref\sync.py", line 451, in thread_handler
    raise exc_info[1]
  File "C:\Users\joni0\OneDrive\Desktop\brew_seminar\env\lib\site-packages\django\core\handlers\exception.py", line 42, in inner
    response = await get_response(request)
  File "C:\Users\joni0\OneDrive\Desktop\brew_seminar\env\lib\site-packages\django\core\handlers\base.py", line 253, in _get_response_async
    response = await wrapped_callback(
  File "C:\Users\joni0\OneDrive\Desktop\brew_seminar\env\lib\site-packages\asgiref\sync.py", line 414, in __call__
    ret = await asyncio.wait_for(future, timeout=None)
  File "C:\Program Files\WindowsApps\PythonSoftwareFoundation.Python.3.9_3.9.2800.0_x64__qbz5n2kfra8p0\lib\asyncio\tasks.py", line 442, in wait_for
    return await fut
  File "C:\Program Files\WindowsApps\PythonSoftwareFoundation.Python.3.9_3.9.2800.0_x64__qbz5n2kfra8p0\lib\concurrent\futures\thread.py", line 58, in run
    result = self.fn(*self.args, **self.kwargs)
  File "C:\Users\joni0\OneDrive\Desktop\brew_seminar\env\lib\site-packages\asgiref\sync.py", line 455, in thread_handler
    return func(*args, **kwargs)
  File "C:\Users\joni0\OneDrive\Desktop\brew_seminar\brew_seminar\brewing\views.py", line 59, in brewing
    return render(request, 'brewing/brewing.html')
  File "C:\Users\joni0\OneDrive\Desktop\brew_seminar\env\lib\site-packages\django\shortcuts.py", line 24, in render
    content = loader.render_to_string(template_name, context, request, using=using)
  File "C:\Users\joni0\OneDrive\Desktop\brew_seminar\env\lib\site-packages\django\template\loader.py", line 62, in render_to_string
    return template.render(context, request)
  File "C:\Users\joni0\OneDrive\Desktop\brew_seminar\env\lib\site-packages\django\template\backends\django.py", line 62, in render
    return self.template.render(context)
  File "C:\Users\joni0\OneDrive\Desktop\brew_seminar\env\lib\site-packages\django\template\base.py", line 175, in render
    return self._render(context)
  File "C:\Users\joni0\OneDrive\Desktop\brew_seminar\env\lib\site-packages\django\template\base.py", line 167, in _render
    return self.nodelist.render(context)
  File "C:\Users\joni0\OneDrive\Desktop\brew_seminar\env\lib\site-packages\django\template\base.py", line 1000, in render
    return SafeString("".join([node.render_annotated(context) for node in self]))
  File "C:\Users\joni0\OneDrive\Desktop\brew_seminar\env\lib\site-packages\django\template\base.py", line 1000, in <listcomp>
    return SafeString("".join([node.render_annotated(context) for node in self]))
  File "C:\Users\joni0\OneDrive\Desktop\brew_seminar\env\lib\site-packages\django\template\base.py", line 958, in render_annotated
    return self.render(context)
  File "C:\Users\joni0\OneDrive\Desktop\brew_seminar\env\lib\site-packages\django\template\loader_tags.py", line 132, in render
    compiled_parent = self.get_parent(context)
  File "C:\Users\joni0\OneDrive\Desktop\brew_seminar\env\lib\site-packages\django\template\loader_tags.py", line 129, in get_parent
    return self.find_template(parent, context)
  File "C:\Users\joni0\OneDrive\Desktop\brew_seminar\env\lib\site-packages\django\template\loader_tags.py", line 107, in find_template
    template, origin = context.template.engine.find_template(
  File "C:\Users\joni0\OneDrive\Desktop\brew_seminar\env\lib\site-packages\django\template\engine.py", line 158, in find_template
    template = loader.get_template(name, skip=skip)
  File "C:\Users\joni0\OneDrive\Desktop\brew_seminar\env\lib\site-packages\django\template\loaders\base.py", line 28, in get_template
    return Template(
  File "C:\Users\joni0\OneDrive\Desktop\brew_seminar\env\lib\site-packages\django\template\base.py", line 154, in __init__
    self.nodelist = self.compile_nodelist()
  File "C:\Users\joni0\OneDrive\Desktop\brew_seminar\env\lib\site-packages\django\template\base.py", line 200, in compile_nodelist
    return parser.parse()
  File "C:\Users\joni0\OneDrive\Desktop\brew_seminar\env\lib\site-packages\django\template\base.py", line 513, in parse
    raise self.error(token, e)
  File "C:\Users\joni0\OneDrive\Desktop\brew_seminar\env\lib\site-packages\django\template\base.py", line 511, in parse
    compiled_result = compile_func(self, token)
  File "C:\Users\joni0\OneDrive\Desktop\brew_seminar\env\lib\site-packages\django\template\loader_tags.py", line 226, in do_block
    raise TemplateSyntaxError(
django.template.exceptions.TemplateSyntaxError: 'block' tag with name 'maincontent' appears more than once
HTTP GET /brewing 500 [0.18, 127.0.0.1:51645]
HTTP GET /brewing 200 [0.01, 127.0.0.1:51645]
HTTP GET /static/style.css 304 [0.00, 127.0.0.1:51645]
HTTP GET /brewing 200 [0.01, 127.0.0.1:51645]
HTTP GET /static/style.css 200 [0.00, 127.0.0.1:51645]
HTTP GET /brewing 200 [0.01, 127.0.0.1:51645]
HTTP GET /static/style.css 200 [0.01, 127.0.0.1:51645]
HTTP GET /brewing 200 [0.01, 127.0.0.1:55963]
HTTP GET /static/style.css 200 [0.00, 127.0.0.1:55963]
HTTP GET /brewing 200 [0.01, 127.0.0.1:55963]
HTTP GET /static/style.css 200 [0.00, 127.0.0.1:55963]
HTTP GET /brewing 200 [0.01, 127.0.0.1:55963]
HTTP GET /static/style.css 200 [0.01, 127.0.0.1:55963]
HTTP GET /brewing 200 [0.01, 127.0.0.1:58055]
HTTP GET /static/style.css 200 [0.00, 127.0.0.1:58055]
HTTP GET /brewing 200 [0.01, 127.0.0.1:58055]
HTTP GET /static/style.css 200 [0.00, 127.0.0.1:58055]
HTTP GET /brewing 200 [0.01, 127.0.0.1:58055]
HTTP GET /static/style.css 200 [0.00, 127.0.0.1:58055]
HTTP GET /brewing 200 [0.01, 127.0.0.1:58055]
HTTP GET /static/style.css 200 [0.01, 127.0.0.1:58055]
HTTP GET /brewing 200 [0.01, 127.0.0.1:58055]
HTTP GET /static/style.css 200 [0.01, 127.0.0.1:58055]
HTTP GET /brewing 200 [0.01, 127.0.0.1:58055]
HTTP GET /static/style.css 200 [0.00, 127.0.0.1:58055]
HTTP GET /brewing 200 [0.01, 127.0.0.1:53427]
HTTP GET /static/style.css 200 [0.00, 127.0.0.1:53427]
Not Found: /favicon.ico
HTTP GET /home 200 [0.01, 127.0.0.1:53429]
HTTP GET /static/style.css 200 [0.00, 127.0.0.1:53429]
HTTP GET /brewing 200 [0.01, 127.0.0.1:53429]
HTTP GET /static/style.css 304 [0.00, 127.0.0.1:53429]
HTTP GET /creating 200 [0.01, 127.0.0.1:53429]
HTTP GET /static/style.css 304 [0.00, 127.0.0.1:53429]
HTTP GET /brewing 200 [0.01, 127.0.0.1:53429]
HTTP GET /static/style.css 304 [0.00, 127.0.0.1:53429]
HTTP GET /home 200 [0.01, 127.0.0.1:53429]
HTTP GET /static/style.css 304 [0.00, 127.0.0.1:53429]
HTTP GET /home 200 [0.01, 127.0.0.1:53429]
HTTP GET /static/style.css 200 [0.00, 127.0.0.1:53429]
HTTP GET /home 200 [0.01, 127.0.0.1:53429]
HTTP GET /static/style.css 200 [0.00, 127.0.0.1:53429]
HTTP GET /home 200 [0.01, 127.0.0.1:53429]
HTTP GET /static/style.css 304 [0.00, 127.0.0.1:53429]
HTTP GET /home 200 [0.01, 127.0.0.1:53429]
HTTP GET /static/style.css 304 [0.00, 127.0.0.1:53429]
HTTP GET /home 200 [0.01, 127.0.0.1:53429]
HTTP GET /static/style.css 200 [0.00, 127.0.0.1:53429]
HTTP GET /home 200 [0.01, 127.0.0.1:53429]
HTTP GET /static/style.css 304 [0.00, 127.0.0.1:53429]
HTTP GET /brewing 200 [0.01, 127.0.0.1:53429]
HTTP GET /static/style.css 200 [0.00, 127.0.0.1:53429]
HTTP GET /brewing 200 [0.01, 127.0.0.1:53429]
HTTP GET /static/style.css 200 [0.01, 127.0.0.1:53429]
HTTP GET /home 200 [0.01, 127.0.0.1:53429]
HTTP GET /static/style.css 304 [0.00, 127.0.0.1:53429]
HTTP GET /brewing 200 [0.01, 127.0.0.1:53429]
HTTP GET /static/style.css 200 [0.00, 127.0.0.1:53429]
HTTP GET /creating 200 [0.01, 127.0.0.1:53429]
HTTP GET /static/style.css 304 [0.00, 127.0.0.1:53429]
HTTP GET /home 200 [0.01, 127.0.0.1:53429]
HTTP GET /static/style.css 304 [0.00, 127.0.0.1:53429]
HTTP GET /brewing 200 [0.01, 127.0.0.1:53429]
HTTP GET /static/style.css 304 [0.00, 127.0.0.1:53429]
HTTP GET /creating 200 [0.01, 127.0.0.1:53429]
HTTP GET /static/style.css 304 [0.00, 127.0.0.1:53429]
HTTP GET /home 200 [0.01, 127.0.0.1:53429]
HTTP GET /brewing 200 [0.01, 127.0.0.1:53429]
HTTP GET /static/style.css 304 [0.00, 127.0.0.1:53429]
HTTP GET /creating 200 [0.01, 127.0.0.1:53429]
HTTP GET /brewing 200 [0.01, 127.0.0.1:53429]
HTTP GET /brewing 200 [0.01, 127.0.0.1:53429]
HTTP GET /static/style.css 304 [0.01, 127.0.0.1:53429]
HTTP GET /brewing 200 [0.01, 127.0.0.1:59934]
HTTP GET /static/style.css 200 [0.00, 127.0.0.1:59934]
HTTP GET /brewing 200 [0.01, 127.0.0.1:59934]
HTTP GET /static/style.css 200 [0.00, 127.0.0.1:59934]
HTTP GET /brewing 200 [0.01, 127.0.0.1:60014]
HTTP GET /static/style.css 200 [0.00, 127.0.0.1:60014]
Not Found: /favicon.ico
HTTP GET / 200 [0.02, 127.0.0.1:55472]
HTTP GET /static/style.css 304 [0.01, 127.0.0.1:55472]
HTTP GET /home 200 [0.01, 127.0.0.1:55472]
HTTP GET /brewing 200 [0.01, 127.0.0.1:55472]
HTTP GET /brewing 200 [0.01, 127.0.0.1:55472]
HTTP GET /static/template.css 200 [0.42, 127.0.0.1:55472]
HTTP GET /brewing 200 [0.01, 127.0.0.1:56041]
HTTP GET /brewing 200 [0.01, 127.0.0.1:56041]
HTTP GET /brewing 200 [0.01, 127.0.0.1:56041]
HTTP GET /brewing 200 [0.01, 127.0.0.1:56041]
HTTP GET /home 200 [0.01, 127.0.0.1:56041]
HTTP GET /brewing 200 [0.01, 127.0.0.1:56041]
HTTP GET /creating 200 [0.01, 127.0.0.1:56041]
HTTP GET /home 200 [0.01, 127.0.0.1:56041]
HTTP GET /brewing 200 [0.01, 127.0.0.1:56041]
HTTP GET /brewing 200 [0.02, 127.0.0.1:50831]
HTTP GET /brewing 200 [0.01, 127.0.0.1:50831]
HTTP GET /home 200 [0.01, 127.0.0.1:50831]
HTTP GET /brewing 200 [0.01, 127.0.0.1:50831]
HTTP GET /creating 200 [0.01, 127.0.0.1:50831]
HTTP GET /creating 200 [0.01, 127.0.0.1:50831]
HTTP GET /home 200 [0.01, 127.0.0.1:50831]
HTTP GET /brewing 200 [0.01, 127.0.0.1:50831]
HTTP GET /creating 200 [0.01, 127.0.0.1:50831]
HTTP GET /creating 200 [0.01, 127.0.0.1:53044]
Not Found: /favicon.ico
HTTP GET /home 200 [0.01, 127.0.0.1:53046]
HTTP GET /creating 200 [0.01, 127.0.0.1:53046]
HTTP GET /brewing 200 [0.01, 127.0.0.1:53046]
HTTP GET /brewing 200 [0.01, 127.0.0.1:50686]
Not Found: /favicon.ico
HTTP GET /home 200 [0.01, 127.0.0.1:50689]
HTTP GET /brewing 200 [0.01, 127.0.0.1:50689]
HTTP GET /creating 200 [0.01, 127.0.0.1:50689]
HTTP GET /brewing 200 [0.01, 127.0.0.1:50689]
Not Found: /favicon.ico
HTTP GET /brewing 200 [0.01, 127.0.0.1:50692]
HTTP GET /brewing 200 [0.01, 127.0.0.1:53514]
Not Found: /favicon.ico
HTTP GET /brewing 200 [0.01, 127.0.0.1:53518]
Not Found: /favicon.ico
HTTP GET /brewing 200 [0.01, 127.0.0.1:60339]
HTTP GET /brewing 200 [0.01, 127.0.0.1:60345]
HTTP GET /brewing 200 [0.01, 127.0.0.1:59636]
HTTP GET /brewing 200 [0.01, 127.0.0.1:59636]
HTTP GET /brewing 200 [0.02, 127.0.0.1:59657]
HTTP GET / 200 [0.01, 127.0.0.1:59657]
HTTP GET /brewing 200 [0.01, 127.0.0.1:59665]
HTTP GET /home 200 [0.01, 127.0.0.1:59667]
HTTP GET /brewing 200 [0.01, 127.0.0.1:59667]
HTTP GET /creating 200 [0.01, 127.0.0.1:59667]
HTTP GET /creating 200 [0.01, 127.0.0.1:59668]
HTTP GET /creating 200 [0.02, 127.0.0.1:49576]
HTTP GET /creating 200 [0.01, 127.0.0.1:60599]
HTTP GET /static/style.css 200 [0.00, 127.0.0.1:60599]
HTTP GET /creating 200 [0.01, 127.0.0.1:59334]
HTTP GET /static/template/style.css 200 [0.00, 127.0.0.1:59334]
HTTP GET /creating 200 [0.01, 127.0.0.1:52914]
HTTP GET /static/template/style.css 200 [0.01, 127.0.0.1:52915]
HTTP GET /creating 200 [0.01, 127.0.0.1:52915]
HTTP GET /static/template/style.css 200 [0.00, 127.0.0.1:52915]
HTTP GET /creating 200 [0.01, 127.0.0.1:52915]
HTTP GET /static/template/style.css 200 [0.01, 127.0.0.1:52915]
HTTP GET /creating 200 [0.01, 127.0.0.1:52915]
HTTP GET /static/template/style.css 200 [0.00, 127.0.0.1:52915]
HTTP GET /home 200 [0.01, 127.0.0.1:52915]
HTTP GET /static/template/style.css 304 [0.00, 127.0.0.1:52915]
HTTP GET /brewing 200 [0.01, 127.0.0.1:52915]
HTTP GET /static/template/style.css 304 [0.00, 127.0.0.1:52915]
HTTP GET /creating 200 [0.01, 127.0.0.1:52915]
HTTP GET /static/template/style.css 304 [0.00, 127.0.0.1:52915]
HTTP GET /creating 200 [0.01, 127.0.0.1:52915]
HTTP GET /static/template/style.css 200 [0.00, 127.0.0.1:52915]
HTTP GET /home 200 [0.01, 127.0.0.1:52915]
HTTP GET /static/template/style.css 304 [0.00, 127.0.0.1:52915]
HTTP GET /brewing 200 [0.01, 127.0.0.1:52915]
HTTP GET /static/template/style.css 304 [0.00, 127.0.0.1:52915]
HTTP GET /creating 200 [0.01, 127.0.0.1:52915]
HTTP GET /static/template/style.css 304 [0.00, 127.0.0.1:52915]
HTTP GET /creating 200 [0.01, 127.0.0.1:52915]
HTTP GET /static/template/style.css 200 [0.00, 127.0.0.1:52915]
HTTP GET /creating 200 [0.01, 127.0.0.1:61688]
HTTP GET /static/template/style.css 200 [0.00, 127.0.0.1:61689]
HTTP GET /creating 200 [0.01, 127.0.0.1:61689]
HTTP GET /static/template/style.css 200 [0.01, 127.0.0.1:61689]
HTTP GET /creating 200 [0.01, 127.0.0.1:61689]
HTTP GET /static/template/style.css 200 [0.00, 127.0.0.1:61689]
HTTP GET /creating 200 [0.01, 127.0.0.1:61689]
HTTP GET /static/template/style.css 200 [0.01, 127.0.0.1:61689]
HTTP GET /creating 200 [0.01, 127.0.0.1:65128]
HTTP GET /static/template/style.css 200 [0.00, 127.0.0.1:65129]
HTTP GET /creating 200 [0.01, 127.0.0.1:65129]
HTTP GET /static/template/style.css 200 [0.00, 127.0.0.1:65129]
HTTP GET /creating 200 [0.01, 127.0.0.1:65129]
HTTP GET /static/template/style.css 200 [0.00, 127.0.0.1:65129]
HTTP GET /creating 200 [0.02, 127.0.0.1:65129]
HTTP GET /static/template/style.css 200 [0.02, 127.0.0.1:65129]
Not Found: /favicon.ico
HTTP GET /creating 200 [0.01, 127.0.0.1:55634]
HTTP GET /static/template/style.css 200 [0.00, 127.0.0.1:55635]
HTTP GET /creating 200 [0.01, 127.0.0.1:55635]
HTTP GET /static/template/style.css 200 [0.00, 127.0.0.1:55635]
Not Found: /favicon.ico
HTTP GET /creating 200 [0.01, 127.0.0.1:55792]
HTTP GET /static/template/style.css 200 [0.01, 127.0.0.1:55793]
Not Found: /favicon.ico
HTTP GET /creating 200 [0.01, 127.0.0.1:55792]
HTTP GET /static/template/style.css 200 [0.00, 127.0.0.1:55792]
Not Found: /favicon.ico
HTTP GET /creating 200 [0.01, 127.0.0.1:58941]
HTTP GET /static/template/style.css 200 [0.00, 127.0.0.1:58942]
HTTP GET /creating 200 [0.01, 127.0.0.1:59115]
HTTP GET /static/template/style.css 200 [0.00, 127.0.0.1:59116]
HTTP GET /creating 200 [0.01, 127.0.0.1:59116]
HTTP GET /static/template/style.css 200 [0.01, 127.0.0.1:59116]
Not Found: /favicon.ico
HTTP GET /creating 200 [0.01, 127.0.0.1:58025]
HTTP GET /static/template/style.css 200 [0.00, 127.0.0.1:58026]
HTTP GET /creating 200 [0.01, 127.0.0.1:58026]
HTTP GET /static/template/style.css 200 [0.00, 127.0.0.1:58026]
HTTP GET /creating 200 [0.01, 127.0.0.1:58026]
HTTP GET /static/template/style.css 200 [0.00, 127.0.0.1:58026]
HTTP GET /brewing 200 [0.01, 127.0.0.1:58026]
HTTP GET /static/template/style.css 304 [0.00, 127.0.0.1:58026]
HTTP GET /creating 200 [0.01, 127.0.0.1:58026]
HTTP GET /brewing 200 [0.01, 127.0.0.1:58026]
HTTP GET /static/template/style.css 304 [0.00, 127.0.0.1:58026]
HTTP GET /brewing 200 [0.01, 127.0.0.1:50873]
HTTP GET /static/template/style.css 200 [0.00, 127.0.0.1:50874]
HTTP GET /brewing 200 [0.01, 127.0.0.1:50874]
HTTP GET /static/template/style.css 304 [0.00, 127.0.0.1:50874]
HTTP GET /creating 200 [0.01, 127.0.0.1:50874]
HTTP GET /static/template/style.css 304 [0.00, 127.0.0.1:50874]
HTTP GET /creating 200 [0.01, 127.0.0.1:50874]
HTTP GET /static/template/style.css 200 [0.01, 127.0.0.1:50874]
HTTP GET /creating 200 [0.01, 127.0.0.1:50874]
HTTP GET /static/template/style.css 200 [0.00, 127.0.0.1:50874]
HTTP GET /creating 200 [0.01, 127.0.0.1:50874]
HTTP GET /static/template/style.css 200 [0.00, 127.0.0.1:50874]
HTTP GET /creating 200 [0.01, 127.0.0.1:50874]
HTTP GET /static/template/style.css 200 [0.00, 127.0.0.1:50874]
HTTP GET /creating 200 [0.01, 127.0.0.1:50874]
HTTP GET /static/template/style.css 200 [0.00, 127.0.0.1:50874]
HTTP GET /creating 200 [0.01, 127.0.0.1:50874]
HTTP GET /static/template/style.css 200 [0.00, 127.0.0.1:50874]
HTTP GET /creating 200 [0.01, 127.0.0.1:50874]
HTTP GET /static/template/style.css 200 [0.00, 127.0.0.1:50874]
HTTP GET /creating 200 [0.03, 127.0.0.1:54704]
HTTP GET /static/template/style.css 200 [0.00, 127.0.0.1:54705]
Not Found: /favicon.ico
HTTP GET /creating 200 [0.01, 127.0.0.1:54704]
HTTP GET /static/template/style.css 200 [0.01, 127.0.0.1:54704]
Not Found: /favicon.ico
HTTP GET /creating 200 [0.01, 127.0.0.1:54711]
HTTP GET /static/template/style.css 304 [0.00, 127.0.0.1:54712]
HTTP GET /creating 200 [0.01, 127.0.0.1:54711]
HTTP GET /static/template/style.css 200 [0.00, 127.0.0.1:54712]
HTTP GET /creating 200 [0.05, 127.0.0.1:54712]
HTTP GET /static/template/style.css 200 [0.00, 127.0.0.1:54712]
HTTP GET /creating 200 [0.01, 127.0.0.1:54712]
HTTP GET /static/template/style.css 200 [0.00, 127.0.0.1:54712]
HTTP GET /creating 200 [0.01, 127.0.0.1:54712]
HTTP GET /static/template/style.css 200 [0.00, 127.0.0.1:54712]
HTTP GET /creating 200 [0.01, 127.0.0.1:54712]
HTTP GET /static/template/style.css 200 [0.00, 127.0.0.1:54712]
HTTP GET /creating 200 [0.01, 127.0.0.1:54712]
HTTP GET /static/template/style.css 200 [0.00, 127.0.0.1:54712]
Not Found: /favicon.ico
HTTP GET /creating 200 [0.01, 127.0.0.1:54449]
HTTP GET /static/template/style.css 200 [0.01, 127.0.0.1:54450]
Not Found: /favicon.ico
HTTP GET /creating 200 [0.05, 127.0.0.1:54449]
HTTP GET /static/template/style.css 200 [0.00, 127.0.0.1:54449]
HTTP GET /creating 200 [0.01, 127.0.0.1:54449]
HTTP GET /static/template/style.css 200 [0.00, 127.0.0.1:54449]
HTTP GET /creating 200 [0.02, 127.0.0.1:54449]
HTTP GET /static/template/style.css 200 [0.00, 127.0.0.1:54449]
HTTP GET /creating 200 [0.01, 127.0.0.1:54449]
HTTP GET /static/template/style.css 200 [0.00, 127.0.0.1:54449]
HTTP GET /creating 200 [0.01, 127.0.0.1:54449]
HTTP GET /static/template/style.css 304 [0.00, 127.0.0.1:54449]
HTTP GET /creating 200 [0.01, 127.0.0.1:54449]
HTTP GET /creating 200 [0.02, 127.0.0.1:54449]
HTTP GET /static/template/style.css 304 [0.00, 127.0.0.1:54449]
HTTP GET /creating 200 [0.01, 127.0.0.1:54449]
HTTP GET /static/template/style.css 200 [0.00, 127.0.0.1:54449]
HTTP GET /creating 200 [0.01, 127.0.0.1:54449]
HTTP GET /static/template/style.css 200 [0.00, 127.0.0.1:54449]
HTTP GET /creating 200 [0.01, 127.0.0.1:54449]
HTTP GET /static/template/style.css 200 [0.00, 127.0.0.1:54449]
HTTP GET /creating 200 [0.01, 127.0.0.1:54449]
HTTP GET /static/template/style.css 200 [0.00, 127.0.0.1:54449]
HTTP GET /creating 200 [0.01, 127.0.0.1:57296]
HTTP GET /static/template/style.css 304 [0.00, 127.0.0.1:57297]
HTTP GET /creating 200 [0.01, 127.0.0.1:56517]
HTTP GET /static/template/style.css 200 [0.00, 127.0.0.1:56518]
HTTP GET /creating 200 [0.01, 127.0.0.1:56518]
HTTP GET /static/template/style.css 200 [0.00, 127.0.0.1:56518]
HTTP GET /creating 200 [0.01, 127.0.0.1:56518]
HTTP GET /static/template/style.css 304 [0.00, 127.0.0.1:56518]
HTTP GET /creating 200 [0.01, 127.0.0.1:56518]
HTTP GET /static/template/style.css 200 [0.01, 127.0.0.1:56518]
HTTP GET /creating 200 [0.01, 127.0.0.1:58007]
HTTP GET /static/template/style.css 200 [0.00, 127.0.0.1:58008]
HTTP GET /creating 200 [0.01, 127.0.0.1:64843]
HTTP GET /static/template/style.css 304 [0.00, 127.0.0.1:64844]
HTTP GET /creating 200 [0.02, 127.0.0.1:50981]
HTTP GET /static/template/style.css 200 [0.00, 127.0.0.1:50982]
Not Found: /favicon.ico
HTTP GET /creating 200 [0.01, 127.0.0.1:64825]
HTTP GET /static/template/style.css 200 [0.00, 127.0.0.1:64826]
HTTP GET /creating 200 [0.01, 127.0.0.1:64826]
HTTP GET /static/template/style.css 200 [0.00, 127.0.0.1:64826]
HTTP GET /creating 200 [0.01, 127.0.0.1:64826]
HTTP GET /static/template/style.css 200 [0.01, 127.0.0.1:64826]
